
Allocating common symbols
Common symbol       size              file

Microseconds        0x4               ./src/dhrystone/dhry_1.o
Dhrystones_Per_Second
                    0x4               ./src/dhrystone/dhry_1.o
User_Insn           0x8               ./src/dhrystone/dhry_1.o
User_Time           0x8               ./src/dhrystone/dhry_1.o
Begin_Time          0x8               ./src/dhrystone/dhry_1.o
Arr_2_Glob          0x2710            ./src/dhrystone/dhry_1.o
End_Time            0x8               ./src/dhrystone/dhry_1.o
Next_Ptr_Glob       0x8               ./src/dhrystone/dhry_1.o
Int_Glob            0x4               ./src/dhrystone/dhry_1.o
Ch_1_Glob           0x1               ./src/dhrystone/dhry_1.o
Ch_2_Glob           0x1               ./src/dhrystone/dhry_1.o
Ptr_Glob            0x8               ./src/dhrystone/dhry_1.o
Begin_Insn          0x8               ./src/dhrystone/dhry_1.o
Arr_1_Glob          0xc8              ./src/dhrystone/dhry_1.o
Bool_Glob           0x4               ./src/dhrystone/dhry_1.o
End_Insn            0x8               ./src/dhrystone/dhry_1.o
heap_memory         0x400             ./src/stdlib.o

Memory Configuration

Name             Origin             Length             Attributes
*default*        0x0000000000000000 0xffffffffffffffff

Linker script and memory map

LOAD ./src/riscv_isa_tests/add.o
LOAD ./src/riscv_isa_tests/addw.o
LOAD ./src/riscv_isa_tests/addi.o
LOAD ./src/riscv_isa_tests/addiw.o
LOAD ./src/riscv_isa_tests/and.o
LOAD ./src/riscv_isa_tests/andi.o
LOAD ./src/riscv_isa_tests/auipc.o
LOAD ./src/riscv_isa_tests/beq.o
LOAD ./src/riscv_isa_tests/bge.o
LOAD ./src/riscv_isa_tests/bgeu.o
LOAD ./src/riscv_isa_tests/blt.o
LOAD ./src/riscv_isa_tests/bltu.o
LOAD ./src/riscv_isa_tests/bne.o
LOAD ./src/riscv_isa_tests/jal.o
LOAD ./src/riscv_isa_tests/jalr.o
LOAD ./src/riscv_isa_tests/lb.o
LOAD ./src/riscv_isa_tests/lbu.o
LOAD ./src/riscv_isa_tests/lh.o
LOAD ./src/riscv_isa_tests/lhu.o
LOAD ./src/riscv_isa_tests/lui.o
LOAD ./src/riscv_isa_tests/lw.o
LOAD ./src/riscv_isa_tests/lwu.o
LOAD ./src/riscv_isa_tests/ld.o
LOAD ./src/riscv_isa_tests/or.o
LOAD ./src/riscv_isa_tests/ori.o
LOAD ./src/riscv_isa_tests/sb.o
LOAD ./src/riscv_isa_tests/sh.o
LOAD ./src/riscv_isa_tests/sw.o
LOAD ./src/riscv_isa_tests/sd.o
LOAD ./src/riscv_isa_tests/sll.o
LOAD ./src/riscv_isa_tests/slli.o
LOAD ./src/riscv_isa_tests/slliw.o
LOAD ./src/riscv_isa_tests/sllw.o
LOAD ./src/riscv_isa_tests/slt.o
LOAD ./src/riscv_isa_tests/sltu.o
LOAD ./src/riscv_isa_tests/slti.o
LOAD ./src/riscv_isa_tests/sltiu.o
LOAD ./src/riscv_isa_tests/sra.o
LOAD ./src/riscv_isa_tests/sraw.o
LOAD ./src/riscv_isa_tests/srai.o
LOAD ./src/riscv_isa_tests/sraiw.o
LOAD ./src/riscv_isa_tests/srl.o
LOAD ./src/riscv_isa_tests/srlw.o
LOAD ./src/riscv_isa_tests/srli.o
LOAD ./src/riscv_isa_tests/srliw.o
LOAD ./src/riscv_isa_tests/sub.o
LOAD ./src/riscv_isa_tests/subw.o
LOAD ./src/riscv_isa_tests/xor.o
LOAD ./src/riscv_isa_tests/xori.o
LOAD ./src/riscv_isa_tests/div.o
LOAD ./src/riscv_isa_tests/divu.o
LOAD ./src/riscv_isa_tests/divw.o
LOAD ./src/riscv_isa_tests/divuw.o
LOAD ./src/riscv_isa_tests/mul.o
LOAD ./src/riscv_isa_tests/mulh.o
LOAD ./src/riscv_isa_tests/mulhsu.o
LOAD ./src/riscv_isa_tests/mulhu.o
LOAD ./src/riscv_isa_tests/mulw.o
LOAD ./src/riscv_isa_tests/rem.o
LOAD ./src/riscv_isa_tests/remu.o
LOAD ./src/riscv_isa_tests/remw.o
LOAD ./src/riscv_isa_tests/remuw.o
LOAD ./src/riscv_isa_tests/amoadd_d.o
LOAD ./src/riscv_isa_tests/amoadd_w.o
LOAD ./src/riscv_isa_tests/amoand_d.o
LOAD ./src/riscv_isa_tests/amoand_w.o
LOAD ./src/riscv_isa_tests/amomax_d.o
LOAD ./src/riscv_isa_tests/amomaxu_d.o
LOAD ./src/riscv_isa_tests/amomaxu_w.o
LOAD ./src/riscv_isa_tests/amomax_w.o
LOAD ./src/riscv_isa_tests/amomin_d.o
LOAD ./src/riscv_isa_tests/amominu_d.o
LOAD ./src/riscv_isa_tests/amominu_w.o
LOAD ./src/riscv_isa_tests/amomin_w.o
LOAD ./src/riscv_isa_tests/amoor_d.o
LOAD ./src/riscv_isa_tests/amoor_w.o
LOAD ./src/riscv_isa_tests/amoswap_d.o
LOAD ./src/riscv_isa_tests/amoswap_w.o
LOAD ./src/riscv_isa_tests/amoxor_d.o
LOAD ./src/riscv_isa_tests/amoxor_w.o
LOAD ./src/riscv_isa_tests/lrsc.o
LOAD ./src/riscv_isa_tests/csr.o
LOAD ./src/riscv_isa_tests/scall.o
LOAD ./src/riscv_isa_tests/sbreak.o
LOAD ./src/riscv_isa_tests/mcsr.o
LOAD ./src/riscv_isa_tests/ma_addr.o
LOAD ./src/riscv_isa_tests/ma_fetch.o
LOAD ./src/riscv_isa_tests/access.o
LOAD ./src/riscv_isa_tests/wfi.o
LOAD ./src/dhrystone/dhry_1.o
LOAD ./src/dhrystone/dhry_2.o
LOAD ./src/coremark/core_list_join.o
LOAD ./src/coremark/core_main.o
LOAD ./src/coremark/core_matrix.o
LOAD ./src/coremark/core_portme.o
LOAD ./src/coremark/core_state.o
LOAD ./src/coremark/core_util.o
LOAD ./src/init.o
LOAD ./src/start.o
LOAD ./src/stdlib.o
LOAD /home/dean/Linux-ext/riscv-tools/build/lib/gcc/riscv64-unknown-elf/7.1.1/../../../../riscv64-unknown-elf/lib/libc.a
LOAD /home/dean/Linux-ext/riscv-tools/build/lib/gcc/riscv64-unknown-elf/7.1.1/libgcc.a
START GROUP
LOAD /home/dean/Linux-ext/riscv-tools/build/lib/gcc/riscv64-unknown-elf/7.1.1/../../../../riscv64-unknown-elf/lib/libc.a
LOAD /home/dean/Linux-ext/riscv-tools/build/lib/gcc/riscv64-unknown-elf/7.1.1/../../../../riscv64-unknown-elf/lib/libgloss.a
END GROUP
LOAD /home/dean/Linux-ext/riscv-tools/build/lib/gcc/riscv64-unknown-elf/7.1.1/libgcc.a
                0x0000000000000000                . = 0x0

.text           0x0000000000000000    0x24728
 *(.text.boot)
 .text.boot     0x0000000000000000       0xb4 ./src/start.o
                0x0000000000000000                _start
                0x0000000000000084                isaTest
                0x000000000000008c                isaTestEnd
                0x0000000000000094                dhrystoneBenchmark
                0x00000000000000a4                coremarkBenchmark
                0x0000000000010000                . = 0x10000
 *fill*         0x00000000000000b4     0xff4c 
 *(.text)
 .text          0x0000000000010000      0x580 ./src/riscv_isa_tests/add.o
                0x0000000000010008                add
 .text          0x0000000000010580      0x56c ./src/riscv_isa_tests/addw.o
                0x0000000000010588                addw
 .text          0x0000000000010aec      0x320 ./src/riscv_isa_tests/addi.o
                0x0000000000010af4                addi
 .text          0x0000000000010e0c      0x314 ./src/riscv_isa_tests/addiw.o
                0x0000000000010e14                addiw
 .text          0x0000000000011120      0x5e4 ./src/riscv_isa_tests/and.o
                0x0000000000011128                and
 .text          0x0000000000011704      0x284 ./src/riscv_isa_tests/andi.o
                0x000000000001170c                andi
 .text          0x0000000000011988       0xd0 ./src/riscv_isa_tests/auipc.o
                0x0000000000011990                auipc
 .text          0x0000000000011a58      0x34c ./src/riscv_isa_tests/beq.o
                0x0000000000011a60                beq
 .text          0x0000000000011da4      0x3ac ./src/riscv_isa_tests/bge.o
                0x0000000000011dac                bge
 .text          0x0000000000012150      0x484 ./src/riscv_isa_tests/bgeu.o
                0x0000000000012158                bgeu
 .text          0x00000000000125d4      0x34c ./src/riscv_isa_tests/blt.o
                0x00000000000125dc                blt
 .text          0x0000000000012920      0x414 ./src/riscv_isa_tests/bltu.o
                0x0000000000012928                bltu
 .text          0x0000000000012d34      0x350 ./src/riscv_isa_tests/bne.o
                0x0000000000012d3c                bne
 .text          0x0000000000013084       0xe0 ./src/riscv_isa_tests/jal.o
                0x000000000001308c                jal
 .text          0x0000000000013164      0x160 ./src/riscv_isa_tests/jalr.o
                0x000000000001316c                jalr
 .text          0x00000000000132c4      0x2d8 ./src/riscv_isa_tests/lb.o
                0x00000000000132cc                lb
 .text          0x000000000001359c      0x2d8 ./src/riscv_isa_tests/lbu.o
                0x00000000000135a4                lbu
 .text          0x0000000000013874      0x2f8 ./src/riscv_isa_tests/lh.o
                0x000000000001387c                lh
 .text          0x0000000000013b6c      0x30c ./src/riscv_isa_tests/lhu.o
                0x0000000000013b74                lhu
 .text          0x0000000000013e78       0xec ./src/riscv_isa_tests/lui.o
                0x0000000000013e80                lui
 .text          0x0000000000013f64      0x318 ./src/riscv_isa_tests/lw.o
                0x0000000000013f6c                lw
 .text          0x000000000001427c      0x360 ./src/riscv_isa_tests/lwu.o
                0x0000000000014284                lwu
 .text          0x00000000000145dc      0x458 ./src/riscv_isa_tests/ld.o
                0x00000000000145e4                ld
 .text          0x0000000000014a34      0x668 ./src/riscv_isa_tests/or.o
                0x0000000000014a3c                or
 .text          0x000000000001509c      0x278 ./src/riscv_isa_tests/ori.o
                0x00000000000150a4                ori
 .text          0x0000000000015314      0x480 ./src/riscv_isa_tests/sb.o
                0x000000000001531c                sb
 .text          0x0000000000015794      0x504 ./src/riscv_isa_tests/sh.o
                0x000000000001579c                sh
 .text          0x0000000000015c98      0x510 ./src/riscv_isa_tests/sw.o
                0x0000000000015ca0                sw
 .text          0x00000000000161a8      0x6d0 ./src/riscv_isa_tests/sd.o
                0x00000000000161b0                sd
 .text          0x0000000000016878      0x698 ./src/riscv_isa_tests/sll.o
                0x0000000000016880                sll
 .text          0x0000000000016f10      0x384 ./src/riscv_isa_tests/slli.o
                0x0000000000016f18                slli
 .text          0x0000000000017294      0x3a0 ./src/riscv_isa_tests/slliw.o
                0x000000000001729c                slliw
 .text          0x0000000000017634      0x698 ./src/riscv_isa_tests/sllw.o
                0x000000000001763c                sllw
 .text          0x0000000000017ccc      0x554 ./src/riscv_isa_tests/slt.o
                0x0000000000017cd4                slt
 .text          0x0000000000018220      0x598 ./src/riscv_isa_tests/sltu.o
                0x0000000000018228                sltu
 .text          0x00000000000187b8      0x300 ./src/riscv_isa_tests/slti.o
                0x00000000000187c0                slti
 .text          0x0000000000018ab8      0x300 ./src/riscv_isa_tests/sltiu.o
                0x0000000000018ac0                sltiu
 .text          0x0000000000018db8      0x628 ./src/riscv_isa_tests/sra.o
                0x0000000000018dc0                sra
 .text          0x00000000000193e0      0x6c8 ./src/riscv_isa_tests/sraw.o
                0x00000000000193e8                sraw
 .text          0x0000000000019aa8      0x34c ./src/riscv_isa_tests/srai.o
                0x0000000000019ab0                srai
 .text          0x0000000000019df4      0x404 ./src/riscv_isa_tests/sraiw.o
                0x0000000000019dfc                sraiw
 .text          0x000000000001a1f8      0x694 ./src/riscv_isa_tests/srl.o
                0x000000000001a200                srl
 .text          0x000000000001a88c      0x6b0 ./src/riscv_isa_tests/srlw.o
                0x000000000001a894                srlw
 .text          0x000000000001af3c      0x388 ./src/riscv_isa_tests/srli.o
                0x000000000001af44                srli
 .text          0x000000000001b2c4      0x3bc ./src/riscv_isa_tests/srliw.o
                0x000000000001b2cc                srliw
 .text          0x000000000001b680      0x55c ./src/riscv_isa_tests/sub.o
                0x000000000001b688                sub
 .text          0x000000000001bbdc      0x54c ./src/riscv_isa_tests/subw.o
                0x000000000001bbe4                subw
 .text          0x000000000001c128      0x654 ./src/riscv_isa_tests/xor.o
                0x000000000001c130                xor
 .text          0x000000000001c77c      0x270 ./src/riscv_isa_tests/xori.o
                0x000000000001c784                xori
 .text          0x000000000001c9ec      0x17c ./src/riscv_isa_tests/div.o
                0x000000000001c9f4                div
 .text          0x000000000001cb68      0x194 ./src/riscv_isa_tests/divu.o
                0x000000000001cb70                divu
 .text          0x000000000001ccfc      0x168 ./src/riscv_isa_tests/divw.o
                0x000000000001cd04                divw
 .text          0x000000000001ce64      0x174 ./src/riscv_isa_tests/divuw.o
                0x000000000001ce6c                divuw
 .text          0x000000000001cfd8      0x558 ./src/riscv_isa_tests/mul.o
                0x000000000001cfe0                mul
 .text          0x000000000001d530      0x500 ./src/riscv_isa_tests/mulh.o
                0x000000000001d538                mulh
 .text          0x000000000001da30      0x504 ./src/riscv_isa_tests/mulhsu.o
                0x000000000001da3c                mulhsu
 .text          0x000000000001df34      0x580 ./src/riscv_isa_tests/mulhu.o
                0x000000000001df3c                mulhu
 .text          0x000000000001e4b4      0x464 ./src/riscv_isa_tests/mulw.o
                0x000000000001e4bc                mulw
 .text          0x000000000001e918      0x178 ./src/riscv_isa_tests/rem.o
                0x000000000001e920                rem
 .text          0x000000000001ea90      0x17c ./src/riscv_isa_tests/remu.o
                0x000000000001ea98                remu
 .text          0x000000000001ec0c      0x180 ./src/riscv_isa_tests/remw.o
                0x000000000001ec14                remw
 .text          0x000000000001ed8c      0x168 ./src/riscv_isa_tests/remuw.o
                0x000000000001ed94                remuw
 .text          0x000000000001eef4      0x100 ./src/riscv_isa_tests/amoadd_d.o
                0x000000000001ef00                amoadd_d
 .text          0x000000000001eff4       0xf4 ./src/riscv_isa_tests/amoadd_w.o
                0x000000000001f000                amoadd_w
 .text          0x000000000001f0e8       0xf4 ./src/riscv_isa_tests/amoand_d.o
                0x000000000001f0f4                amoand_d
 .text          0x000000000001f1dc       0xf0 ./src/riscv_isa_tests/amoand_w.o
                0x000000000001f1e8                amoand_w
 .text          0x000000000001f2cc       0xf0 ./src/riscv_isa_tests/amomax_d.o
                0x000000000001f2d8                amomax_d
 .text          0x000000000001f3bc       0xf0 ./src/riscv_isa_tests/amomaxu_d.o
                0x000000000001f3c8                amomaxu_d
 .text          0x000000000001f4ac       0xf0 ./src/riscv_isa_tests/amomaxu_w.o
                0x000000000001f4b8                amomaxu_w
 .text          0x000000000001f59c       0xf0 ./src/riscv_isa_tests/amomax_w.o
                0x000000000001f5a8                amomax_w
 .text          0x000000000001f68c       0xf0 ./src/riscv_isa_tests/amomin_d.o
                0x000000000001f698                amomin_d
 .text          0x000000000001f77c       0xf0 ./src/riscv_isa_tests/amominu_d.o
                0x000000000001f788                amominu_d
 .text          0x000000000001f86c       0xf0 ./src/riscv_isa_tests/amominu_w.o
                0x000000000001f878                amominu_w
 .text          0x000000000001f95c       0xf0 ./src/riscv_isa_tests/amomin_w.o
                0x000000000001f968                amomin_w
 .text          0x000000000001fa4c       0xec ./src/riscv_isa_tests/amoor_d.o
                0x000000000001fa58                amoor_d
 .text          0x000000000001fb38       0xec ./src/riscv_isa_tests/amoor_w.o
                0x000000000001fb44                amoor_w
 .text          0x000000000001fc24       0xf4 ./src/riscv_isa_tests/amoswap_d.o
                0x000000000001fc30                amoswap_d
 .text          0x000000000001fd18       0xf0 ./src/riscv_isa_tests/amoswap_w.o
                0x000000000001fd24                amoswap_w
 .text          0x000000000001fe08       0xf8 ./src/riscv_isa_tests/amoxor_d.o
                0x000000000001fe14                amoxor_d
 .text          0x000000000001ff00      0x100 ./src/riscv_isa_tests/amoxor_w.o
                0x000000000001ff0c                amoxor_w
 .text          0x0000000000020000      0x1a0 ./src/riscv_isa_tests/lrsc.o
                0x0000000000020008                lrsc
 .text          0x00000000000201a0      0x204 ./src/riscv_isa_tests/csr.o
                0x00000000000201a8                csr
                0x0000000000020344                stvec_handler
 .text          0x00000000000203a4       0xe4 ./src/riscv_isa_tests/scall.o
                0x00000000000203ac                ecall
                0x000000000002046c                stvec_handler2
 .text          0x0000000000020488       0xcc ./src/riscv_isa_tests/sbreak.o
                0x0000000000020494                ebreak
                0x0000000000020534                stvec_handler1
 .text          0x0000000000020554       0xcc ./src/riscv_isa_tests/mcsr.o
                0x000000000002055c                mcsr
 .text          0x0000000000020620      0x5a0 ./src/riscv_isa_tests/ma_addr.o
                0x000000000002062c                ma_addr
                0x0000000000020ba0                mtvec_handler3
 .text          0x0000000000020bc0      0x1ec ./src/riscv_isa_tests/ma_fetch.o
                0x0000000000020bcc                ma_fetch
 .text          0x0000000000020dac      0x114 ./src/riscv_isa_tests/access.o
                0x0000000000020db8                access
                0x0000000000020e98                mtvec_handler5
 .text          0x0000000000020ec0       0xc8 ./src/riscv_isa_tests/wfi.o
                0x0000000000020ec8                wfi
 .text          0x0000000000020f88      0x990 ./src/dhrystone/dhry_1.o
                0x0000000000020f88                Proc_2
                0x0000000000020fc0                Proc_3
                0x0000000000020ff4                Proc_1
                0x0000000000021110                Proc_4
                0x000000000002114c                Proc_5
                0x000000000002116c                DHRYSTONE
 .text          0x0000000000021918      0x1e0 ./src/dhrystone/dhry_2.o
                0x0000000000021918                Proc_7
                0x0000000000021928                Proc_8
                0x0000000000021998                Func_1
                0x00000000000219c0                Func_2
                0x0000000000021a2c                Func_3
                0x0000000000021a38                Proc_6
 .text          0x0000000000021af8      0x8e4 ./src/coremark/core_list_join.o
                0x0000000000021af8                cmp_idx
                0x0000000000021b3c                calc_func
                0x0000000000021c4c                cmp_complex
                0x0000000000021c9c                copy_info
                0x0000000000021cb0                core_list_insert_new
                0x0000000000021d28                core_list_remove
                0x0000000000021d54                core_list_undo_remove
                0x0000000000021d74                core_list_find
                0x0000000000021de4                core_list_reverse
                0x0000000000021e08                core_list_mergesort
                0x0000000000021f50                core_bench_list
                0x00000000000221c8                core_list_init
 .text          0x00000000000223dc      0xb20 ./src/coremark/core_main.o
                0x00000000000223dc                iterate
                0x0000000000022464                COREMARK
 .text          0x0000000000022efc      0x804 ./src/coremark/core_matrix.o
                0x0000000000022efc                printmat
                0x0000000000022fdc                printmatC
                0x00000000000230bc                core_init_matrix
                0x0000000000023214                matrix_sum
                0x00000000000232b4                matrix_mul_const
                0x0000000000023304                matrix_add_const
                0x000000000002334c                matrix_mul_vect
                0x00000000000233b0                matrix_mul_matrix
                0x0000000000023454                matrix_mul_matrix_bitextract
                0x000000000002350c                matrix_test
                0x00000000000236c4                core_bench_matrix
 .text          0x0000000000023700       0xa4 ./src/coremark/core_portme.o
                0x0000000000023700                start_time
                0x0000000000023720                stop_time
                0x0000000000023740                get_time
                0x0000000000023758                time_in_secs
                0x0000000000023768                portable_init
                0x000000000002379c                portable_fini
 .text          0x00000000000237a4      0x758 ./src/coremark/core_state.o
                0x00000000000237a4                core_init_state
                0x000000000002395c                core_state_transition
                0x0000000000023ca0                core_bench_state
 .text          0x0000000000023efc      0x180 ./src/coremark/core_util.o
                0x0000000000023efc                get_seed_32
                0x0000000000023f94                crcu8
                0x0000000000023fd4                crcu16
                0x0000000000024004                crc16
                0x0000000000024010                crcu32
                0x000000000002404c                check_data_types
 .text          0x000000000002407c       0x38 ./src/init.o
                0x000000000002407c                risvISATestStartMsg
                0x0000000000024088                risvDhrystoneStartMsg
                0x0000000000024094                risvCoremarkStartMsg
                0x00000000000240a0                init
 .text          0x00000000000240b4        0x8 ./src/start.o
 .text          0x00000000000240bc      0x66c ./src/stdlib.o
                0x00000000000240bc                time
                0x00000000000240c4                insn
                0x00000000000240cc                enableIntr
                0x00000000000240d4                enableExternalIntr
                0x00000000000240e8                enableTimerIntr
                0x00000000000240f8                disableIntr
                0x0000000000024100                disableExternalIntr
                0x0000000000024110                disableTimerIntr
                0x000000000002411c                readMtime
                0x0000000000024128                readMtimeCmp
                0x0000000000024134                writeMtimeCmp
                0x0000000000024140                malloc
                0x0000000000024170                printf_c
                0x000000000002419c                printf_s
                0x00000000000241d4                printf_d
                0x0000000000024254                printf_h
                0x00000000000242b4                printf
                0x0000000000024478                scanf_c
                0x00000000000244c4                scanf
                0x0000000000024500                memcpy
                0x0000000000024524                strcpy
                0x00000000000245f8                strcmp

.rodata         0x0000000000024728       0x58
 *(.rodata)
 .rodata        0x0000000000024728       0x2a ./src/coremark/core_main.o
 *fill*         0x0000000000024752        0x2 
 .rodata        0x0000000000024754       0x14 ./src/coremark/core_state.o
 .rodata        0x0000000000024768       0x18 ./src/coremark/core_util.o

.rodata.str1.8  0x0000000000024780      0xef8
 .rodata.str1.8
                0x0000000000024780      0x642 ./src/dhrystone/dhry_1.o
                                        0x64a (size before relaxing)
 *fill*         0x0000000000024dc2        0x6 
 .rodata.str1.8
                0x0000000000024dc8       0x74 ./src/coremark/core_list_join.o
                                         0x7a (size before relaxing)
 *fill*         0x0000000000024e3c        0x4 
 .rodata.str1.8
                0x0000000000024e40      0x48e ./src/coremark/core_main.o
                                        0x496 (size before relaxing)
 *fill*         0x00000000000252ce        0x2 
 .rodata.str1.8
                0x00000000000252d0       0xad ./src/coremark/core_matrix.o
                                         0xb5 (size before relaxing)
 *fill*         0x000000000002537d        0x3 
 .rodata.str1.8
                0x0000000000025380       0x41 ./src/coremark/core_portme.o
 *fill*         0x00000000000253c1        0x7 
 .rodata.str1.8
                0x00000000000253c8      0x12d ./src/coremark/core_state.o
                                        0x135 (size before relaxing)
 *fill*         0x00000000000254f5        0x3 
 .rodata.str1.8
                0x00000000000254f8       0x76 ./src/coremark/core_util.o
 *fill*         0x000000000002556e        0x2 
 .rodata.str1.8
                0x0000000000025570       0xef ./src/init.o
 *fill*         0x000000000002565f        0x1 
 .rodata.str1.8
                0x0000000000025660       0x18 ./src/stdlib.o
                                         0x19 (size before relaxing)

.rela.dyn       0x0000000000025678        0x0
 .rela.text     0x0000000000025678        0x0 ./src/riscv_isa_tests/add.o
 .rela.got      0x0000000000025678        0x0 ./src/riscv_isa_tests/add.o

.data           0x0000000000025678      0x630
 *(.data)
 .data          0x0000000000025678        0x0 ./src/riscv_isa_tests/add.o
 .data          0x0000000000025678        0x0 ./src/riscv_isa_tests/addw.o
 .data          0x0000000000025678        0x0 ./src/riscv_isa_tests/addi.o
 .data          0x0000000000025678        0x0 ./src/riscv_isa_tests/addiw.o
 .data          0x0000000000025678        0x0 ./src/riscv_isa_tests/and.o
 .data          0x0000000000025678        0x0 ./src/riscv_isa_tests/andi.o
 .data          0x0000000000025678        0x0 ./src/riscv_isa_tests/auipc.o
 .data          0x0000000000025678        0x0 ./src/riscv_isa_tests/beq.o
 .data          0x0000000000025678        0x0 ./src/riscv_isa_tests/bge.o
 .data          0x0000000000025678        0x0 ./src/riscv_isa_tests/bgeu.o
 .data          0x0000000000025678        0x0 ./src/riscv_isa_tests/blt.o
 .data          0x0000000000025678        0x0 ./src/riscv_isa_tests/bltu.o
 .data          0x0000000000025678        0x0 ./src/riscv_isa_tests/bne.o
 .data          0x0000000000025678        0x0 ./src/riscv_isa_tests/jal.o
 .data          0x0000000000025678        0x0 ./src/riscv_isa_tests/jalr.o
 .data          0x0000000000025678        0x4 ./src/riscv_isa_tests/lb.o
 .data          0x000000000002567c        0x4 ./src/riscv_isa_tests/lbu.o
 .data          0x0000000000025680        0x8 ./src/riscv_isa_tests/lh.o
 .data          0x0000000000025688        0x8 ./src/riscv_isa_tests/lhu.o
 .data          0x0000000000025690        0x0 ./src/riscv_isa_tests/lui.o
 .data          0x0000000000025690       0x10 ./src/riscv_isa_tests/lw.o
 .data          0x00000000000256a0       0x10 ./src/riscv_isa_tests/lwu.o
 .data          0x00000000000256b0       0x20 ./src/riscv_isa_tests/ld.o
 .data          0x00000000000256d0        0x0 ./src/riscv_isa_tests/or.o
 .data          0x00000000000256d0        0x0 ./src/riscv_isa_tests/ori.o
 .data          0x00000000000256d0        0xa ./src/riscv_isa_tests/sb.o
 *fill*         0x00000000000256da        0x2 
 .data          0x00000000000256dc       0x14 ./src/riscv_isa_tests/sh.o
 .data          0x00000000000256f0       0x28 ./src/riscv_isa_tests/sw.o
 .data          0x0000000000025718       0x50 ./src/riscv_isa_tests/sd.o
 .data          0x0000000000025768        0x0 ./src/riscv_isa_tests/sll.o
 .data          0x0000000000025768        0x0 ./src/riscv_isa_tests/slli.o
 .data          0x0000000000025768        0x0 ./src/riscv_isa_tests/slliw.o
 .data          0x0000000000025768        0x0 ./src/riscv_isa_tests/sllw.o
 .data          0x0000000000025768        0x0 ./src/riscv_isa_tests/slt.o
 .data          0x0000000000025768        0x0 ./src/riscv_isa_tests/sltu.o
 .data          0x0000000000025768        0x0 ./src/riscv_isa_tests/slti.o
 .data          0x0000000000025768        0x0 ./src/riscv_isa_tests/sltiu.o
 .data          0x0000000000025768        0x0 ./src/riscv_isa_tests/sra.o
 .data          0x0000000000025768        0x0 ./src/riscv_isa_tests/sraw.o
 .data          0x0000000000025768        0x0 ./src/riscv_isa_tests/srai.o
 .data          0x0000000000025768        0x0 ./src/riscv_isa_tests/sraiw.o
 .data          0x0000000000025768        0x0 ./src/riscv_isa_tests/srl.o
 .data          0x0000000000025768        0x0 ./src/riscv_isa_tests/srlw.o
 .data          0x0000000000025768        0x0 ./src/riscv_isa_tests/srli.o
 .data          0x0000000000025768        0x0 ./src/riscv_isa_tests/srliw.o
 .data          0x0000000000025768        0x0 ./src/riscv_isa_tests/sub.o
 .data          0x0000000000025768        0x0 ./src/riscv_isa_tests/subw.o
 .data          0x0000000000025768        0x0 ./src/riscv_isa_tests/xor.o
 .data          0x0000000000025768        0x0 ./src/riscv_isa_tests/xori.o
 .data          0x0000000000025768        0x0 ./src/riscv_isa_tests/div.o
 .data          0x0000000000025768        0x0 ./src/riscv_isa_tests/divu.o
 .data          0x0000000000025768        0x0 ./src/riscv_isa_tests/divw.o
 .data          0x0000000000025768        0x0 ./src/riscv_isa_tests/divuw.o
 .data          0x0000000000025768        0x0 ./src/riscv_isa_tests/mul.o
 .data          0x0000000000025768        0x0 ./src/riscv_isa_tests/mulh.o
 .data          0x0000000000025768        0x0 ./src/riscv_isa_tests/mulhsu.o
 .data          0x0000000000025768        0x0 ./src/riscv_isa_tests/mulhu.o
 .data          0x0000000000025768        0x0 ./src/riscv_isa_tests/mulw.o
 .data          0x0000000000025768        0x0 ./src/riscv_isa_tests/rem.o
 .data          0x0000000000025768        0x0 ./src/riscv_isa_tests/remu.o
 .data          0x0000000000025768        0x0 ./src/riscv_isa_tests/remw.o
 .data          0x0000000000025768        0x0 ./src/riscv_isa_tests/remuw.o
 .data          0x0000000000025768        0x0 ./src/riscv_isa_tests/amoadd_d.o
 .data          0x0000000000025768        0x0 ./src/riscv_isa_tests/amoadd_w.o
 .data          0x0000000000025768        0x0 ./src/riscv_isa_tests/amoand_d.o
 .data          0x0000000000025768        0x0 ./src/riscv_isa_tests/amoand_w.o
 .data          0x0000000000025768        0x0 ./src/riscv_isa_tests/amomax_d.o
 .data          0x0000000000025768        0x0 ./src/riscv_isa_tests/amomaxu_d.o
 .data          0x0000000000025768        0x0 ./src/riscv_isa_tests/amomaxu_w.o
 .data          0x0000000000025768        0x0 ./src/riscv_isa_tests/amomax_w.o
 .data          0x0000000000025768        0x0 ./src/riscv_isa_tests/amomin_d.o
 .data          0x0000000000025768        0x0 ./src/riscv_isa_tests/amominu_d.o
 .data          0x0000000000025768        0x0 ./src/riscv_isa_tests/amominu_w.o
 .data          0x0000000000025768        0x0 ./src/riscv_isa_tests/amomin_w.o
 .data          0x0000000000025768        0x0 ./src/riscv_isa_tests/amoor_d.o
 .data          0x0000000000025768        0x0 ./src/riscv_isa_tests/amoor_w.o
 .data          0x0000000000025768        0x0 ./src/riscv_isa_tests/amoswap_d.o
 .data          0x0000000000025768        0x0 ./src/riscv_isa_tests/amoswap_w.o
 .data          0x0000000000025768        0x0 ./src/riscv_isa_tests/amoxor_d.o
 .data          0x0000000000025768        0x0 ./src/riscv_isa_tests/amoxor_w.o
 .data          0x0000000000025768      0x410 ./src/riscv_isa_tests/lrsc.o
 .data          0x0000000000025b78        0x4 ./src/riscv_isa_tests/csr.o
 .data          0x0000000000025b7c       0x10 ./src/riscv_isa_tests/scall.o
 .data          0x0000000000025b8c        0x0 ./src/riscv_isa_tests/sbreak.o
 .data          0x0000000000025b8c        0x0 ./src/riscv_isa_tests/mcsr.o
 *fill*         0x0000000000025b8c        0x4 
 .data          0x0000000000025b90      0x10f ./src/riscv_isa_tests/ma_addr.o
 *fill*         0x0000000000025c9f        0x1 
 .data          0x0000000000025ca0        0x0 ./src/riscv_isa_tests/ma_fetch.o
 .data          0x0000000000025ca0        0x0 ./src/riscv_isa_tests/access.o
 .data          0x0000000000025ca0        0x0 ./src/riscv_isa_tests/wfi.o
 .data          0x0000000000025ca0        0x0 ./src/dhrystone/dhry_1.o
 .data          0x0000000000025ca0        0x0 ./src/dhrystone/dhry_2.o
 .data          0x0000000000025ca0        0x0 ./src/coremark/core_list_join.o
 .data          0x0000000000025ca0        0x0 ./src/coremark/core_main.o
 .data          0x0000000000025ca0        0x0 ./src/coremark/core_matrix.o
 .data          0x0000000000025ca0        0x8 ./src/coremark/core_portme.o
                0x0000000000025ca0                default_num_contexts
                0x0000000000025ca4                seed3_volatile
 .data          0x0000000000025ca8        0x0 ./src/coremark/core_state.o
 .data          0x0000000000025ca8        0x0 ./src/coremark/core_util.o
 .data          0x0000000000025ca8        0x0 ./src/init.o
 .data          0x0000000000025ca8        0x0 ./src/start.o
 .data          0x0000000000025ca8        0x0 ./src/stdlib.o

.got            0x0000000000025ca8      0x490
 .got           0x0000000000025ca8      0x490 ./src/riscv_isa_tests/add.o
                0x0000000000025ca8                _GLOBAL_OFFSET_TABLE_

.got.plt        0x0000000000026138       0x10
 .got.plt       0x0000000000026138       0x10 ./src/riscv_isa_tests/add.o

.data.rel.local
                0x0000000000026148       0x18
 .data.rel.local
                0x0000000000026148       0x18 ./src/coremark/core_main.o
                0x0000000000026148                mem_name

.data.rel.ro.local
                0x0000000000026160       0x80
 .data.rel.ro.local
                0x0000000000026160       0x80 ./src/coremark/core_state.o

.bss            0x00000000000261e0     0x2cf0
 *(.bss)
 .bss           0x00000000000261e0        0x0 ./src/riscv_isa_tests/add.o
 .bss           0x00000000000261e0        0x0 ./src/riscv_isa_tests/addw.o
 .bss           0x00000000000261e0        0x0 ./src/riscv_isa_tests/addi.o
 .bss           0x00000000000261e0        0x0 ./src/riscv_isa_tests/addiw.o
 .bss           0x00000000000261e0        0x0 ./src/riscv_isa_tests/and.o
 .bss           0x00000000000261e0        0x0 ./src/riscv_isa_tests/andi.o
 .bss           0x00000000000261e0        0x0 ./src/riscv_isa_tests/auipc.o
 .bss           0x00000000000261e0        0x0 ./src/riscv_isa_tests/beq.o
 .bss           0x00000000000261e0        0x0 ./src/riscv_isa_tests/bge.o
 .bss           0x00000000000261e0        0x0 ./src/riscv_isa_tests/bgeu.o
 .bss           0x00000000000261e0        0x0 ./src/riscv_isa_tests/blt.o
 .bss           0x00000000000261e0        0x0 ./src/riscv_isa_tests/bltu.o
 .bss           0x00000000000261e0        0x0 ./src/riscv_isa_tests/bne.o
 .bss           0x00000000000261e0        0x0 ./src/riscv_isa_tests/jal.o
 .bss           0x00000000000261e0        0x0 ./src/riscv_isa_tests/jalr.o
 .bss           0x00000000000261e0        0x0 ./src/riscv_isa_tests/lb.o
 .bss           0x00000000000261e0        0x0 ./src/riscv_isa_tests/lbu.o
 .bss           0x00000000000261e0        0x0 ./src/riscv_isa_tests/lh.o
 .bss           0x00000000000261e0        0x0 ./src/riscv_isa_tests/lhu.o
 .bss           0x00000000000261e0        0x0 ./src/riscv_isa_tests/lui.o
 .bss           0x00000000000261e0        0x0 ./src/riscv_isa_tests/lw.o
 .bss           0x00000000000261e0        0x0 ./src/riscv_isa_tests/lwu.o
 .bss           0x00000000000261e0        0x0 ./src/riscv_isa_tests/ld.o
 .bss           0x00000000000261e0        0x0 ./src/riscv_isa_tests/or.o
 .bss           0x00000000000261e0        0x0 ./src/riscv_isa_tests/ori.o
 .bss           0x00000000000261e0        0x0 ./src/riscv_isa_tests/sb.o
 .bss           0x00000000000261e0        0x0 ./src/riscv_isa_tests/sh.o
 .bss           0x00000000000261e0        0x0 ./src/riscv_isa_tests/sw.o
 .bss           0x00000000000261e0        0x0 ./src/riscv_isa_tests/sd.o
 .bss           0x00000000000261e0        0x0 ./src/riscv_isa_tests/sll.o
 .bss           0x00000000000261e0        0x0 ./src/riscv_isa_tests/slli.o
 .bss           0x00000000000261e0        0x0 ./src/riscv_isa_tests/slliw.o
 .bss           0x00000000000261e0        0x0 ./src/riscv_isa_tests/sllw.o
 .bss           0x00000000000261e0        0x0 ./src/riscv_isa_tests/slt.o
 .bss           0x00000000000261e0        0x0 ./src/riscv_isa_tests/sltu.o
 .bss           0x00000000000261e0        0x0 ./src/riscv_isa_tests/slti.o
 .bss           0x00000000000261e0        0x0 ./src/riscv_isa_tests/sltiu.o
 .bss           0x00000000000261e0        0x0 ./src/riscv_isa_tests/sra.o
 .bss           0x00000000000261e0        0x0 ./src/riscv_isa_tests/sraw.o
 .bss           0x00000000000261e0        0x0 ./src/riscv_isa_tests/srai.o
 .bss           0x00000000000261e0        0x0 ./src/riscv_isa_tests/sraiw.o
 .bss           0x00000000000261e0        0x0 ./src/riscv_isa_tests/srl.o
 .bss           0x00000000000261e0        0x0 ./src/riscv_isa_tests/srlw.o
 .bss           0x00000000000261e0        0x0 ./src/riscv_isa_tests/srli.o
 .bss           0x00000000000261e0        0x0 ./src/riscv_isa_tests/srliw.o
 .bss           0x00000000000261e0        0x0 ./src/riscv_isa_tests/sub.o
 .bss           0x00000000000261e0        0x0 ./src/riscv_isa_tests/subw.o
 .bss           0x00000000000261e0        0x0 ./src/riscv_isa_tests/xor.o
 .bss           0x00000000000261e0        0x0 ./src/riscv_isa_tests/xori.o
 .bss           0x00000000000261e0        0x0 ./src/riscv_isa_tests/div.o
 .bss           0x00000000000261e0        0x0 ./src/riscv_isa_tests/divu.o
 .bss           0x00000000000261e0        0x0 ./src/riscv_isa_tests/divw.o
 .bss           0x00000000000261e0        0x0 ./src/riscv_isa_tests/divuw.o
 .bss           0x00000000000261e0        0x0 ./src/riscv_isa_tests/mul.o
 .bss           0x00000000000261e0        0x0 ./src/riscv_isa_tests/mulh.o
 .bss           0x00000000000261e0        0x0 ./src/riscv_isa_tests/mulhsu.o
 .bss           0x00000000000261e0        0x0 ./src/riscv_isa_tests/mulhu.o
 .bss           0x00000000000261e0        0x0 ./src/riscv_isa_tests/mulw.o
 .bss           0x00000000000261e0        0x0 ./src/riscv_isa_tests/rem.o
 .bss           0x00000000000261e0        0x0 ./src/riscv_isa_tests/remu.o
 .bss           0x00000000000261e0        0x0 ./src/riscv_isa_tests/remw.o
 .bss           0x00000000000261e0        0x0 ./src/riscv_isa_tests/remuw.o
 .bss           0x00000000000261e0        0x8 ./src/riscv_isa_tests/amoadd_d.o
 .bss           0x00000000000261e8        0x8 ./src/riscv_isa_tests/amoadd_w.o
 .bss           0x00000000000261f0        0x8 ./src/riscv_isa_tests/amoand_d.o
 .bss           0x00000000000261f8        0x8 ./src/riscv_isa_tests/amoand_w.o
 .bss           0x0000000000026200        0x8 ./src/riscv_isa_tests/amomax_d.o
 .bss           0x0000000000026208        0x8 ./src/riscv_isa_tests/amomaxu_d.o
 .bss           0x0000000000026210        0x8 ./src/riscv_isa_tests/amomaxu_w.o
 .bss           0x0000000000026218        0x8 ./src/riscv_isa_tests/amomax_w.o
 .bss           0x0000000000026220        0x8 ./src/riscv_isa_tests/amomin_d.o
 .bss           0x0000000000026228        0x8 ./src/riscv_isa_tests/amominu_d.o
 .bss           0x0000000000026230        0x8 ./src/riscv_isa_tests/amominu_w.o
 .bss           0x0000000000026238        0x8 ./src/riscv_isa_tests/amomin_w.o
 .bss           0x0000000000026240        0x8 ./src/riscv_isa_tests/amoor_d.o
 .bss           0x0000000000026248        0x8 ./src/riscv_isa_tests/amoor_w.o
 .bss           0x0000000000026250        0x8 ./src/riscv_isa_tests/amoswap_d.o
 .bss           0x0000000000026258        0x8 ./src/riscv_isa_tests/amoswap_w.o
 .bss           0x0000000000026260        0x8 ./src/riscv_isa_tests/amoxor_d.o
 .bss           0x0000000000026268        0x8 ./src/riscv_isa_tests/amoxor_w.o
 .bss           0x0000000000026270        0x0 ./src/riscv_isa_tests/lrsc.o
 .bss           0x0000000000026270        0x0 ./src/riscv_isa_tests/csr.o
 .bss           0x0000000000026270        0x0 ./src/riscv_isa_tests/scall.o
 .bss           0x0000000000026270        0x0 ./src/riscv_isa_tests/sbreak.o
 .bss           0x0000000000026270        0x0 ./src/riscv_isa_tests/mcsr.o
 .bss           0x0000000000026270        0x0 ./src/riscv_isa_tests/ma_addr.o
 .bss           0x0000000000026270        0x0 ./src/riscv_isa_tests/ma_fetch.o
 .bss           0x0000000000026270        0x0 ./src/riscv_isa_tests/access.o
 .bss           0x0000000000026270        0x0 ./src/riscv_isa_tests/wfi.o
 .bss           0x0000000000026270        0x4 ./src/dhrystone/dhry_1.o
                0x0000000000026270                Reg
 .bss           0x0000000000026274        0x0 ./src/dhrystone/dhry_2.o
 .bss           0x0000000000026274        0x0 ./src/coremark/core_list_join.o
 .bss           0x0000000000026274        0x0 ./src/coremark/core_main.o
 .bss           0x0000000000026274        0x0 ./src/coremark/core_matrix.o
 *fill*         0x0000000000026274        0x4 
 .bss           0x0000000000026278       0x20 ./src/coremark/core_portme.o
                0x0000000000026288                seed5_volatile
                0x000000000002628c                seed4_volatile
                0x0000000000026290                seed2_volatile
                0x0000000000026294                seed1_volatile
 .bss           0x0000000000026298        0x0 ./src/coremark/core_state.o
 .bss           0x0000000000026298        0x0 ./src/coremark/core_util.o
 .bss           0x0000000000026298        0x0 ./src/init.o
 .bss           0x0000000000026298        0x0 ./src/start.o
 .bss           0x0000000000026298        0x4 ./src/stdlib.o
                0x0000000000026298                heap_memory_used
 *fill*         0x000000000002629c        0x4 
 COMMON         0x00000000000262a0     0x2830 ./src/dhrystone/dhry_1.o
                0x00000000000262a0                Microseconds
                0x00000000000262a4                Dhrystones_Per_Second
                0x00000000000262a8                User_Insn
                0x00000000000262b0                User_Time
                0x00000000000262b8                Begin_Time
                0x00000000000262c0                Arr_2_Glob
                0x00000000000289d0                End_Time
                0x00000000000289d8                Next_Ptr_Glob
                0x00000000000289e0                Int_Glob
                0x00000000000289e4                Ch_1_Glob
                0x00000000000289e5                Ch_2_Glob
                0x00000000000289e8                Ptr_Glob
                0x00000000000289f0                Begin_Insn
                0x00000000000289f8                Arr_1_Glob
                0x0000000000028ac0                Bool_Glob
                0x0000000000028ac8                End_Insn
 COMMON         0x0000000000028ad0      0x400 ./src/stdlib.o
                0x0000000000028ad0                heap_memory
OUTPUT(RISCV_Test_Benchmark.elf elf64-littleriscv)

.comment        0x0000000000000000       0x1a
 .comment       0x0000000000000000       0x1a ./src/dhrystone/dhry_1.o
                                         0x1b (size before relaxing)
 .comment       0x000000000000001a       0x1b ./src/dhrystone/dhry_2.o
 .comment       0x000000000000001a       0x1b ./src/coremark/core_list_join.o
 .comment       0x000000000000001a       0x1b ./src/coremark/core_main.o
 .comment       0x000000000000001a       0x1b ./src/coremark/core_matrix.o
 .comment       0x000000000000001a       0x1b ./src/coremark/core_portme.o
 .comment       0x000000000000001a       0x1b ./src/coremark/core_state.o
 .comment       0x000000000000001a       0x1b ./src/coremark/core_util.o
 .comment       0x000000000000001a       0x1b ./src/init.o
 .comment       0x000000000000001a       0x1b ./src/stdlib.o
