
Allocating common symbols
Common symbol       size              file

Microseconds        0x4               ./src/dhrystone/dhry_1.o
Dhrystones_Per_Second
                    0x4               ./src/dhrystone/dhry_1.o
User_Insn           0x8               ./src/dhrystone/dhry_1.o
User_Time           0x8               ./src/dhrystone/dhry_1.o
Begin_Time          0x8               ./src/dhrystone/dhry_1.o
Arr_2_Glob          0x2710            ./src/dhrystone/dhry_1.o
End_Time            0x8               ./src/dhrystone/dhry_1.o
Next_Ptr_Glob       0x8               ./src/dhrystone/dhry_1.o
Int_Glob            0x4               ./src/dhrystone/dhry_1.o
Ch_1_Glob           0x1               ./src/dhrystone/dhry_1.o
Ch_2_Glob           0x1               ./src/dhrystone/dhry_1.o
Ptr_Glob            0x8               ./src/dhrystone/dhry_1.o
Begin_Insn          0x8               ./src/dhrystone/dhry_1.o
Arr_1_Glob          0xc8              ./src/dhrystone/dhry_1.o
Bool_Glob           0x4               ./src/dhrystone/dhry_1.o
End_Insn            0x8               ./src/dhrystone/dhry_1.o
heap_memory         0x400             ./src/stdlib.o

Memory Configuration

Name             Origin             Length             Attributes
*default*        0x0000000000000000 0xffffffffffffffff

Linker script and memory map

LOAD ./src/riscv_isa_tests/setup.o
LOAD ./src/riscv_isa_tests/add.o
LOAD ./src/riscv_isa_tests/addw.o
LOAD ./src/riscv_isa_tests/addi.o
LOAD ./src/riscv_isa_tests/addiw.o
LOAD ./src/riscv_isa_tests/and.o
LOAD ./src/riscv_isa_tests/andi.o
LOAD ./src/riscv_isa_tests/auipc.o
LOAD ./src/riscv_isa_tests/beq.o
LOAD ./src/riscv_isa_tests/bge.o
LOAD ./src/riscv_isa_tests/bgeu.o
LOAD ./src/riscv_isa_tests/blt.o
LOAD ./src/riscv_isa_tests/bltu.o
LOAD ./src/riscv_isa_tests/bne.o
LOAD ./src/riscv_isa_tests/jal.o
LOAD ./src/riscv_isa_tests/jalr.o
LOAD ./src/riscv_isa_tests/lb.o
LOAD ./src/riscv_isa_tests/lbu.o
LOAD ./src/riscv_isa_tests/lh.o
LOAD ./src/riscv_isa_tests/lhu.o
LOAD ./src/riscv_isa_tests/lui.o
LOAD ./src/riscv_isa_tests/lw.o
LOAD ./src/riscv_isa_tests/lwu.o
LOAD ./src/riscv_isa_tests/ld.o
LOAD ./src/riscv_isa_tests/or.o
LOAD ./src/riscv_isa_tests/ori.o
LOAD ./src/riscv_isa_tests/sb.o
LOAD ./src/riscv_isa_tests/sh.o
LOAD ./src/riscv_isa_tests/sw.o
LOAD ./src/riscv_isa_tests/sd.o
LOAD ./src/riscv_isa_tests/sll.o
LOAD ./src/riscv_isa_tests/slli.o
LOAD ./src/riscv_isa_tests/slliw.o
LOAD ./src/riscv_isa_tests/sllw.o
LOAD ./src/riscv_isa_tests/slt.o
LOAD ./src/riscv_isa_tests/sltu.o
LOAD ./src/riscv_isa_tests/slti.o
LOAD ./src/riscv_isa_tests/sltiu.o
LOAD ./src/riscv_isa_tests/sra.o
LOAD ./src/riscv_isa_tests/sraw.o
LOAD ./src/riscv_isa_tests/srai.o
LOAD ./src/riscv_isa_tests/sraiw.o
LOAD ./src/riscv_isa_tests/srl.o
LOAD ./src/riscv_isa_tests/srlw.o
LOAD ./src/riscv_isa_tests/srli.o
LOAD ./src/riscv_isa_tests/srliw.o
LOAD ./src/riscv_isa_tests/sub.o
LOAD ./src/riscv_isa_tests/subw.o
LOAD ./src/riscv_isa_tests/xor.o
LOAD ./src/riscv_isa_tests/xori.o
LOAD ./src/riscv_isa_tests/div.o
LOAD ./src/riscv_isa_tests/divu.o
LOAD ./src/riscv_isa_tests/divw.o
LOAD ./src/riscv_isa_tests/divuw.o
LOAD ./src/riscv_isa_tests/mul.o
LOAD ./src/riscv_isa_tests/mulh.o
LOAD ./src/riscv_isa_tests/mulhsu.o
LOAD ./src/riscv_isa_tests/mulhu.o
LOAD ./src/riscv_isa_tests/mulw.o
LOAD ./src/riscv_isa_tests/rem.o
LOAD ./src/riscv_isa_tests/remu.o
LOAD ./src/riscv_isa_tests/remw.o
LOAD ./src/riscv_isa_tests/remuw.o
LOAD ./src/riscv_isa_tests/amoadd_d.o
LOAD ./src/riscv_isa_tests/amoadd_w.o
LOAD ./src/riscv_isa_tests/amoand_d.o
LOAD ./src/riscv_isa_tests/amoand_w.o
LOAD ./src/riscv_isa_tests/amomax_d.o
LOAD ./src/riscv_isa_tests/amomaxu_d.o
LOAD ./src/riscv_isa_tests/amomaxu_w.o
LOAD ./src/riscv_isa_tests/amomax_w.o
LOAD ./src/riscv_isa_tests/amomin_d.o
LOAD ./src/riscv_isa_tests/amominu_d.o
LOAD ./src/riscv_isa_tests/amominu_w.o
LOAD ./src/riscv_isa_tests/amomin_w.o
LOAD ./src/riscv_isa_tests/amoor_d.o
LOAD ./src/riscv_isa_tests/amoor_w.o
LOAD ./src/riscv_isa_tests/amoswap_d.o
LOAD ./src/riscv_isa_tests/amoswap_w.o
LOAD ./src/riscv_isa_tests/amoxor_d.o
LOAD ./src/riscv_isa_tests/amoxor_w.o
LOAD ./src/riscv_isa_tests/lrsc.o
LOAD ./src/riscv_isa_tests/csr.o
LOAD ./src/riscv_isa_tests/scall.o
LOAD ./src/riscv_isa_tests/sbreak.o
LOAD ./src/dhrystone/dhry_1.o
LOAD ./src/dhrystone/dhry_2.o
LOAD ./src/coremark/core_list_join.o
LOAD ./src/coremark/core_main.o
LOAD ./src/coremark/core_matrix.o
LOAD ./src/coremark/core_portme.o
LOAD ./src/coremark/core_state.o
LOAD ./src/coremark/core_util.o
LOAD ./src/init.o
LOAD ./src/start.o
LOAD ./src/stdlib.o
LOAD /home/dean/Linux-ext/riscv-tools/build/lib/gcc/riscv64-unknown-elf/7.1.1/../../../../riscv64-unknown-elf/lib/libc.a
LOAD /home/dean/Linux-ext/riscv-tools/build/lib/gcc/riscv64-unknown-elf/7.1.1/libgcc.a
START GROUP
LOAD /home/dean/Linux-ext/riscv-tools/build/lib/gcc/riscv64-unknown-elf/7.1.1/../../../../riscv64-unknown-elf/lib/libc.a
LOAD /home/dean/Linux-ext/riscv-tools/build/lib/gcc/riscv64-unknown-elf/7.1.1/../../../../riscv64-unknown-elf/lib/libgloss.a
END GROUP
LOAD /home/dean/Linux-ext/riscv-tools/build/lib/gcc/riscv64-unknown-elf/7.1.1/libgcc.a
                0x0000000000000000                . = 0x0

.text           0x0000000000000000    0x24038
 *(.text.boot)
 .text.boot     0x0000000000000000       0xb8 ./src/start.o
                0x0000000000000000                _start
                0x0000000000000084                isaTest
                0x0000000000000090                isaTestEnd
                0x0000000000000098                dhrystoneBenchmark
                0x00000000000000a8                coremarkBenchmark
                0x0000000000010000                . = 0x10000
 *fill*         0x00000000000000b8     0xff48 
 *(.text)
 .text          0x0000000000010000        0x0 ./src/riscv_isa_tests/setup.o
 .text          0x0000000000010000      0x580 ./src/riscv_isa_tests/add.o
                0x0000000000010008                add
 .text          0x0000000000010580      0x56c ./src/riscv_isa_tests/addw.o
                0x0000000000010588                addw
 .text          0x0000000000010aec      0x320 ./src/riscv_isa_tests/addi.o
                0x0000000000010af4                addi
 .text          0x0000000000010e0c      0x314 ./src/riscv_isa_tests/addiw.o
                0x0000000000010e14                addiw
 .text          0x0000000000011120      0x5e4 ./src/riscv_isa_tests/and.o
                0x0000000000011128                and
 .text          0x0000000000011704      0x284 ./src/riscv_isa_tests/andi.o
                0x000000000001170c                andi
 .text          0x0000000000011988       0xd0 ./src/riscv_isa_tests/auipc.o
                0x0000000000011990                auipc
 .text          0x0000000000011a58      0x34c ./src/riscv_isa_tests/beq.o
                0x0000000000011a60                beq
 .text          0x0000000000011da4      0x3ac ./src/riscv_isa_tests/bge.o
                0x0000000000011dac                bge
 .text          0x0000000000012150      0x484 ./src/riscv_isa_tests/bgeu.o
                0x0000000000012158                bgeu
 .text          0x00000000000125d4      0x34c ./src/riscv_isa_tests/blt.o
                0x00000000000125dc                blt
 .text          0x0000000000012920      0x414 ./src/riscv_isa_tests/bltu.o
                0x0000000000012928                bltu
 .text          0x0000000000012d34      0x350 ./src/riscv_isa_tests/bne.o
                0x0000000000012d3c                bne
 .text          0x0000000000013084       0xe0 ./src/riscv_isa_tests/jal.o
                0x000000000001308c                jal
 .text          0x0000000000013164      0x160 ./src/riscv_isa_tests/jalr.o
                0x000000000001316c                jalr
 .text          0x00000000000132c4      0x2d8 ./src/riscv_isa_tests/lb.o
                0x00000000000132cc                lb
 .text          0x000000000001359c      0x2d8 ./src/riscv_isa_tests/lbu.o
                0x00000000000135a4                lbu
 .text          0x0000000000013874      0x2f8 ./src/riscv_isa_tests/lh.o
                0x000000000001387c                lh
 .text          0x0000000000013b6c      0x30c ./src/riscv_isa_tests/lhu.o
                0x0000000000013b74                lhu
 .text          0x0000000000013e78       0xec ./src/riscv_isa_tests/lui.o
                0x0000000000013e80                lui
 .text          0x0000000000013f64      0x318 ./src/riscv_isa_tests/lw.o
                0x0000000000013f6c                lw
 .text          0x000000000001427c      0x360 ./src/riscv_isa_tests/lwu.o
                0x0000000000014284                lwu
 .text          0x00000000000145dc      0x458 ./src/riscv_isa_tests/ld.o
                0x00000000000145e4                ld
 .text          0x0000000000014a34      0x668 ./src/riscv_isa_tests/or.o
                0x0000000000014a3c                or
 .text          0x000000000001509c      0x278 ./src/riscv_isa_tests/ori.o
                0x00000000000150a4                ori
 .text          0x0000000000015314      0x480 ./src/riscv_isa_tests/sb.o
                0x000000000001531c                sb
 .text          0x0000000000015794      0x504 ./src/riscv_isa_tests/sh.o
                0x000000000001579c                sh
 .text          0x0000000000015c98      0x510 ./src/riscv_isa_tests/sw.o
                0x0000000000015ca0                sw
 .text          0x00000000000161a8      0x6d0 ./src/riscv_isa_tests/sd.o
                0x00000000000161b0                sd
 .text          0x0000000000016878      0x698 ./src/riscv_isa_tests/sll.o
                0x0000000000016880                sll
 .text          0x0000000000016f10      0x384 ./src/riscv_isa_tests/slli.o
                0x0000000000016f18                slli
 .text          0x0000000000017294      0x3a0 ./src/riscv_isa_tests/slliw.o
                0x000000000001729c                slliw
 .text          0x0000000000017634      0x698 ./src/riscv_isa_tests/sllw.o
                0x000000000001763c                sllw
 .text          0x0000000000017ccc      0x554 ./src/riscv_isa_tests/slt.o
                0x0000000000017cd4                slt
 .text          0x0000000000018220      0x598 ./src/riscv_isa_tests/sltu.o
                0x0000000000018228                sltu
 .text          0x00000000000187b8      0x300 ./src/riscv_isa_tests/slti.o
                0x00000000000187c0                slti
 .text          0x0000000000018ab8      0x300 ./src/riscv_isa_tests/sltiu.o
                0x0000000000018ac0                sltiu
 .text          0x0000000000018db8      0x628 ./src/riscv_isa_tests/sra.o
                0x0000000000018dc0                sra
 .text          0x00000000000193e0      0x6c8 ./src/riscv_isa_tests/sraw.o
                0x00000000000193e8                sraw
 .text          0x0000000000019aa8      0x34c ./src/riscv_isa_tests/srai.o
                0x0000000000019ab0                srai
 .text          0x0000000000019df4      0x404 ./src/riscv_isa_tests/sraiw.o
                0x0000000000019dfc                sraiw
 .text          0x000000000001a1f8      0x694 ./src/riscv_isa_tests/srl.o
                0x000000000001a200                srl
 .text          0x000000000001a88c      0x6b0 ./src/riscv_isa_tests/srlw.o
                0x000000000001a894                srlw
 .text          0x000000000001af3c      0x388 ./src/riscv_isa_tests/srli.o
                0x000000000001af44                srli
 .text          0x000000000001b2c4      0x3bc ./src/riscv_isa_tests/srliw.o
                0x000000000001b2cc                srliw
 .text          0x000000000001b680      0x55c ./src/riscv_isa_tests/sub.o
                0x000000000001b688                sub
 .text          0x000000000001bbdc      0x54c ./src/riscv_isa_tests/subw.o
                0x000000000001bbe4                subw
 .text          0x000000000001c128      0x654 ./src/riscv_isa_tests/xor.o
                0x000000000001c130                xor
 .text          0x000000000001c77c      0x270 ./src/riscv_isa_tests/xori.o
                0x000000000001c784                xori
 .text          0x000000000001c9ec      0x17c ./src/riscv_isa_tests/div.o
                0x000000000001c9f4                div
 .text          0x000000000001cb68      0x194 ./src/riscv_isa_tests/divu.o
                0x000000000001cb70                divu
 .text          0x000000000001ccfc      0x168 ./src/riscv_isa_tests/divw.o
                0x000000000001cd04                divw
 .text          0x000000000001ce64      0x174 ./src/riscv_isa_tests/divuw.o
                0x000000000001ce6c                divuw
 .text          0x000000000001cfd8      0x558 ./src/riscv_isa_tests/mul.o
                0x000000000001cfe0                mul
 .text          0x000000000001d530      0x500 ./src/riscv_isa_tests/mulh.o
                0x000000000001d538                mulh
 .text          0x000000000001da30      0x504 ./src/riscv_isa_tests/mulhsu.o
                0x000000000001da3c                mulhsu
 .text          0x000000000001df34      0x580 ./src/riscv_isa_tests/mulhu.o
                0x000000000001df3c                mulhu
 .text          0x000000000001e4b4      0x464 ./src/riscv_isa_tests/mulw.o
                0x000000000001e4bc                mulw
 .text          0x000000000001e918      0x178 ./src/riscv_isa_tests/rem.o
                0x000000000001e920                rem
 .text          0x000000000001ea90      0x17c ./src/riscv_isa_tests/remu.o
                0x000000000001ea98                remu
 .text          0x000000000001ec0c      0x180 ./src/riscv_isa_tests/remw.o
                0x000000000001ec14                remw
 .text          0x000000000001ed8c      0x168 ./src/riscv_isa_tests/remuw.o
                0x000000000001ed94                remuw
 .text          0x000000000001eef4      0x100 ./src/riscv_isa_tests/amoadd_d.o
                0x000000000001ef00                amoadd_d
 .text          0x000000000001eff4       0xf4 ./src/riscv_isa_tests/amoadd_w.o
                0x000000000001f000                amoadd_w
 .text          0x000000000001f0e8       0xf4 ./src/riscv_isa_tests/amoand_d.o
                0x000000000001f0f4                amoand_d
 .text          0x000000000001f1dc       0xf0 ./src/riscv_isa_tests/amoand_w.o
                0x000000000001f1e8                amoand_w
 .text          0x000000000001f2cc       0xf0 ./src/riscv_isa_tests/amomax_d.o
                0x000000000001f2d8                amomax_d
 .text          0x000000000001f3bc       0xf0 ./src/riscv_isa_tests/amomaxu_d.o
                0x000000000001f3c8                amomaxu_d
 .text          0x000000000001f4ac       0xf0 ./src/riscv_isa_tests/amomaxu_w.o
                0x000000000001f4b8                amomaxu_w
 .text          0x000000000001f59c       0xf0 ./src/riscv_isa_tests/amomax_w.o
                0x000000000001f5a8                amomax_w
 .text          0x000000000001f68c       0xf0 ./src/riscv_isa_tests/amomin_d.o
                0x000000000001f698                amomin_d
 .text          0x000000000001f77c       0xf0 ./src/riscv_isa_tests/amominu_d.o
                0x000000000001f788                amominu_d
 .text          0x000000000001f86c       0xf0 ./src/riscv_isa_tests/amominu_w.o
                0x000000000001f878                amominu_w
 .text          0x000000000001f95c       0xf0 ./src/riscv_isa_tests/amomin_w.o
                0x000000000001f968                amomin_w
 .text          0x000000000001fa4c       0xec ./src/riscv_isa_tests/amoor_d.o
                0x000000000001fa58                amoor_d
 .text          0x000000000001fb38       0xec ./src/riscv_isa_tests/amoor_w.o
                0x000000000001fb44                amoor_w
 .text          0x000000000001fc24       0xf4 ./src/riscv_isa_tests/amoswap_d.o
                0x000000000001fc30                amoswap_d
 .text          0x000000000001fd18       0xf0 ./src/riscv_isa_tests/amoswap_w.o
                0x000000000001fd24                amoswap_w
 .text          0x000000000001fe08       0xf8 ./src/riscv_isa_tests/amoxor_d.o
                0x000000000001fe14                amoxor_d
 .text          0x000000000001ff00      0x100 ./src/riscv_isa_tests/amoxor_w.o
                0x000000000001ff0c                amoxor_w
 .text          0x0000000000020000      0x19c ./src/riscv_isa_tests/lrsc.o
                0x0000000000020008                lrsc
 .text          0x000000000002019c      0x288 ./src/riscv_isa_tests/csr.o
                0x00000000000201a4                csr
                0x00000000000203c4                mtvec_handler
 .text          0x0000000000020424       0xe4 ./src/riscv_isa_tests/scall.o
                0x000000000002042c                ecall
                0x00000000000204ec                stvec_handler2
 .text          0x0000000000020508       0xcc ./src/riscv_isa_tests/sbreak.o
                0x0000000000020514                ebreak
                0x00000000000205b4                stvec_handler1
 .text          0x00000000000205d4      0x8c0 ./src/dhrystone/dhry_1.o
                0x00000000000205d4                Proc_2
                0x0000000000020604                Proc_3
                0x0000000000020630                Proc_1
                0x0000000000020748                DHRYSTONE
                0x0000000000020e4c                Proc_4
                0x0000000000020e7c                Proc_5
 .text          0x0000000000020e94      0x160 ./src/dhrystone/dhry_2.o
                0x0000000000020e94                Proc_6
                0x0000000000020ee4                Proc_7
                0x0000000000020ef4                Proc_8
                0x0000000000020f60                Func_1
                0x0000000000020f84                Func_2
                0x0000000000020fe8                Func_3
 .text          0x0000000000020ff4      0x8d8 ./src/coremark/core_list_join.o
                0x0000000000020ff4                cmp_idx
                0x0000000000021038                calc_func
                0x0000000000021148                cmp_complex
                0x0000000000021198                copy_info
                0x00000000000211ac                core_list_insert_new
                0x000000000002120c                core_list_remove
                0x0000000000021238                core_list_undo_remove
                0x0000000000021258                core_list_find
                0x00000000000212c8                core_list_reverse
                0x00000000000212ec                core_list_mergesort
                0x0000000000021434                core_bench_list
                0x00000000000216e8                core_list_init
 .text          0x00000000000218cc      0xb04 ./src/coremark/core_main.o
                0x00000000000218cc                iterate
                0x0000000000021954                COREMARK
 .text          0x00000000000223d0      0xb50 ./src/coremark/core_matrix.o
                0x00000000000223d0                printmat
                0x00000000000224a4                printmatC
                0x0000000000022578                core_init_matrix
                0x00000000000226e0                matrix_sum
                0x0000000000022780                matrix_mul_const
                0x00000000000227d0                matrix_add_const
                0x0000000000022818                matrix_mul_vect
                0x000000000002287c                matrix_mul_matrix
                0x0000000000022920                matrix_mul_matrix_bitextract
                0x00000000000229d8                matrix_test
                0x0000000000022ee4                core_bench_matrix
 .text          0x0000000000022f20       0xa4 ./src/coremark/core_portme.o
                0x0000000000022f20                start_time
                0x0000000000022f40                stop_time
                0x0000000000022f60                get_time
                0x0000000000022f78                time_in_secs
                0x0000000000022f88                portable_init
                0x0000000000022fbc                portable_fini
 .text          0x0000000000022fc4      0x73c ./src/coremark/core_state.o
                0x0000000000022fc4                core_init_state
                0x0000000000023178                core_state_transition
                0x00000000000234bc                core_bench_state
 .text          0x0000000000023700      0x1b4 ./src/coremark/core_util.o
                0x0000000000023700                get_seed_32
                0x000000000002377c                crcu8
                0x00000000000237bc                crcu16
                0x000000000002383c                crcu32
                0x0000000000023878                crc16
                0x0000000000023884                check_data_types
 .text          0x00000000000238b4       0x28 ./src/init.o
                0x00000000000238b4                risvISATestStartMsg
                0x00000000000238c0                risvDhrystoneStartMsg
                0x00000000000238cc                risvCoremarkStartMsg
                0x00000000000238d8                init
 .text          0x00000000000238dc        0x8 ./src/start.o
 .text          0x00000000000238e4      0x754 ./src/stdlib.o
                0x00000000000238e4                time
                0x00000000000238ec                insn
                0x00000000000238f4                enableIntr
                0x00000000000238fc                enableExternalIntr
                0x0000000000023910                enableTimerIntr
                0x0000000000023920                disableIntr
                0x0000000000023928                disableExternalIntr
                0x0000000000023938                disableTimerIntr
                0x0000000000023944                readMtime
                0x0000000000023950                readMtimeCmp
                0x000000000002395c                writeMtimeCmp
                0x0000000000023968                malloc
                0x0000000000023994                printf_c
                0x00000000000239c0                printf_s
                0x0000000000023a04                printf_d
                0x0000000000023aa8                printf_h
                0x0000000000023b00                printf
                0x0000000000023d18                scanf_c
                0x0000000000023d80                scanf
                0x0000000000023e10                memcpy
                0x0000000000023e34                strcpy
                0x0000000000023f08                strcmp

.rodata         0x0000000000024038       0xe0
 *(.rodata)
 .rodata        0x0000000000024038       0x2a ./src/coremark/core_main.o
 *fill*         0x0000000000024062        0x6 
 .rodata        0x0000000000024068       0x98 ./src/coremark/core_state.o
 .rodata        0x0000000000024100       0x18 ./src/coremark/core_util.o

.rodata.str1.8  0x0000000000024118      0xef8
 .rodata.str1.8
                0x0000000000024118      0x642 ./src/dhrystone/dhry_1.o
                                        0x64a (size before relaxing)
 *fill*         0x000000000002475a        0x6 
 .rodata.str1.8
                0x0000000000024760       0x74 ./src/coremark/core_list_join.o
                                         0x7a (size before relaxing)
 *fill*         0x00000000000247d4        0x4 
 .rodata.str1.8
                0x00000000000247d8      0x48e ./src/coremark/core_main.o
                                        0x496 (size before relaxing)
 *fill*         0x0000000000024c66        0x2 
 .rodata.str1.8
                0x0000000000024c68       0xad ./src/coremark/core_matrix.o
                                         0xb5 (size before relaxing)
 *fill*         0x0000000000024d15        0x3 
 .rodata.str1.8
                0x0000000000024d18       0x41 ./src/coremark/core_portme.o
 *fill*         0x0000000000024d59        0x7 
 .rodata.str1.8
                0x0000000000024d60      0x12d ./src/coremark/core_state.o
                                        0x135 (size before relaxing)
 *fill*         0x0000000000024e8d        0x3 
 .rodata.str1.8
                0x0000000000024e90       0x76 ./src/coremark/core_util.o
 *fill*         0x0000000000024f06        0x2 
 .rodata.str1.8
                0x0000000000024f08       0xef ./src/init.o
 *fill*         0x0000000000024ff7        0x1 
 .rodata.str1.8
                0x0000000000024ff8       0x18 ./src/stdlib.o
                                         0x19 (size before relaxing)

.rela.dyn       0x0000000000025010        0x0
 .rela.text     0x0000000000025010        0x0 ./src/riscv_isa_tests/add.o

.data           0x0000000000025010      0x530
 *(.data)
 .data          0x0000000000025010        0x0 ./src/riscv_isa_tests/setup.o
 .data          0x0000000000025010        0x0 ./src/riscv_isa_tests/add.o
 .data          0x0000000000025010        0x0 ./src/riscv_isa_tests/addw.o
 .data          0x0000000000025010        0x0 ./src/riscv_isa_tests/addi.o
 .data          0x0000000000025010        0x0 ./src/riscv_isa_tests/addiw.o
 .data          0x0000000000025010        0x0 ./src/riscv_isa_tests/and.o
 .data          0x0000000000025010        0x0 ./src/riscv_isa_tests/andi.o
 .data          0x0000000000025010        0x0 ./src/riscv_isa_tests/auipc.o
 .data          0x0000000000025010        0x0 ./src/riscv_isa_tests/beq.o
 .data          0x0000000000025010        0x0 ./src/riscv_isa_tests/bge.o
 .data          0x0000000000025010        0x0 ./src/riscv_isa_tests/bgeu.o
 .data          0x0000000000025010        0x0 ./src/riscv_isa_tests/blt.o
 .data          0x0000000000025010        0x0 ./src/riscv_isa_tests/bltu.o
 .data          0x0000000000025010        0x0 ./src/riscv_isa_tests/bne.o
 .data          0x0000000000025010        0x0 ./src/riscv_isa_tests/jal.o
 .data          0x0000000000025010        0x0 ./src/riscv_isa_tests/jalr.o
 .data          0x0000000000025010        0x4 ./src/riscv_isa_tests/lb.o
 .data          0x0000000000025014        0x4 ./src/riscv_isa_tests/lbu.o
 .data          0x0000000000025018        0x8 ./src/riscv_isa_tests/lh.o
 .data          0x0000000000025020        0x8 ./src/riscv_isa_tests/lhu.o
 .data          0x0000000000025028        0x0 ./src/riscv_isa_tests/lui.o
 .data          0x0000000000025028       0x10 ./src/riscv_isa_tests/lw.o
 .data          0x0000000000025038       0x10 ./src/riscv_isa_tests/lwu.o
 .data          0x0000000000025048       0x20 ./src/riscv_isa_tests/ld.o
 .data          0x0000000000025068        0x0 ./src/riscv_isa_tests/or.o
 .data          0x0000000000025068        0x0 ./src/riscv_isa_tests/ori.o
 .data          0x0000000000025068        0xa ./src/riscv_isa_tests/sb.o
 *fill*         0x0000000000025072        0x2 
 .data          0x0000000000025074       0x14 ./src/riscv_isa_tests/sh.o
 .data          0x0000000000025088       0x28 ./src/riscv_isa_tests/sw.o
 .data          0x00000000000250b0       0x50 ./src/riscv_isa_tests/sd.o
 .data          0x0000000000025100        0x0 ./src/riscv_isa_tests/sll.o
 .data          0x0000000000025100        0x0 ./src/riscv_isa_tests/slli.o
 .data          0x0000000000025100        0x0 ./src/riscv_isa_tests/slliw.o
 .data          0x0000000000025100        0x0 ./src/riscv_isa_tests/sllw.o
 .data          0x0000000000025100        0x0 ./src/riscv_isa_tests/slt.o
 .data          0x0000000000025100        0x0 ./src/riscv_isa_tests/sltu.o
 .data          0x0000000000025100        0x0 ./src/riscv_isa_tests/slti.o
 .data          0x0000000000025100        0x0 ./src/riscv_isa_tests/sltiu.o
 .data          0x0000000000025100        0x0 ./src/riscv_isa_tests/sra.o
 .data          0x0000000000025100        0x0 ./src/riscv_isa_tests/sraw.o
 .data          0x0000000000025100        0x0 ./src/riscv_isa_tests/srai.o
 .data          0x0000000000025100        0x0 ./src/riscv_isa_tests/sraiw.o
 .data          0x0000000000025100        0x0 ./src/riscv_isa_tests/srl.o
 .data          0x0000000000025100        0x0 ./src/riscv_isa_tests/srlw.o
 .data          0x0000000000025100        0x0 ./src/riscv_isa_tests/srli.o
 .data          0x0000000000025100        0x0 ./src/riscv_isa_tests/srliw.o
 .data          0x0000000000025100        0x0 ./src/riscv_isa_tests/sub.o
 .data          0x0000000000025100        0x0 ./src/riscv_isa_tests/subw.o
 .data          0x0000000000025100        0x0 ./src/riscv_isa_tests/xor.o
 .data          0x0000000000025100        0x0 ./src/riscv_isa_tests/xori.o
 .data          0x0000000000025100        0x0 ./src/riscv_isa_tests/div.o
 .data          0x0000000000025100        0x0 ./src/riscv_isa_tests/divu.o
 .data          0x0000000000025100        0x0 ./src/riscv_isa_tests/divw.o
 .data          0x0000000000025100        0x0 ./src/riscv_isa_tests/divuw.o
 .data          0x0000000000025100        0x0 ./src/riscv_isa_tests/mul.o
 .data          0x0000000000025100        0x0 ./src/riscv_isa_tests/mulh.o
 .data          0x0000000000025100        0x0 ./src/riscv_isa_tests/mulhsu.o
 .data          0x0000000000025100        0x0 ./src/riscv_isa_tests/mulhu.o
 .data          0x0000000000025100        0x0 ./src/riscv_isa_tests/mulw.o
 .data          0x0000000000025100        0x0 ./src/riscv_isa_tests/rem.o
 .data          0x0000000000025100        0x0 ./src/riscv_isa_tests/remu.o
 .data          0x0000000000025100        0x0 ./src/riscv_isa_tests/remw.o
 .data          0x0000000000025100        0x0 ./src/riscv_isa_tests/remuw.o
 .data          0x0000000000025100        0x0 ./src/riscv_isa_tests/amoadd_d.o
 .data          0x0000000000025100        0x0 ./src/riscv_isa_tests/amoadd_w.o
 .data          0x0000000000025100        0x0 ./src/riscv_isa_tests/amoand_d.o
 .data          0x0000000000025100        0x0 ./src/riscv_isa_tests/amoand_w.o
 .data          0x0000000000025100        0x0 ./src/riscv_isa_tests/amomax_d.o
 .data          0x0000000000025100        0x0 ./src/riscv_isa_tests/amomaxu_d.o
 .data          0x0000000000025100        0x0 ./src/riscv_isa_tests/amomaxu_w.o
 .data          0x0000000000025100        0x0 ./src/riscv_isa_tests/amomax_w.o
 .data          0x0000000000025100        0x0 ./src/riscv_isa_tests/amomin_d.o
 .data          0x0000000000025100        0x0 ./src/riscv_isa_tests/amominu_d.o
 .data          0x0000000000025100        0x0 ./src/riscv_isa_tests/amominu_w.o
 .data          0x0000000000025100        0x0 ./src/riscv_isa_tests/amomin_w.o
 .data          0x0000000000025100        0x0 ./src/riscv_isa_tests/amoor_d.o
 .data          0x0000000000025100        0x0 ./src/riscv_isa_tests/amoor_w.o
 .data          0x0000000000025100        0x0 ./src/riscv_isa_tests/amoswap_d.o
 .data          0x0000000000025100        0x0 ./src/riscv_isa_tests/amoswap_w.o
 .data          0x0000000000025100        0x0 ./src/riscv_isa_tests/amoxor_d.o
 .data          0x0000000000025100        0x0 ./src/riscv_isa_tests/amoxor_w.o
 .data          0x0000000000025100      0x410 ./src/riscv_isa_tests/lrsc.o
 .data          0x0000000000025510        0x4 ./src/riscv_isa_tests/csr.o
 .data          0x0000000000025514       0x10 ./src/riscv_isa_tests/scall.o
 .data          0x0000000000025524        0x0 ./src/riscv_isa_tests/sbreak.o
 .data          0x0000000000025524        0x0 ./src/dhrystone/dhry_1.o
 .data          0x0000000000025524        0x0 ./src/dhrystone/dhry_2.o
 .data          0x0000000000025524        0x0 ./src/coremark/core_list_join.o
 *fill*         0x0000000000025524        0x4 
 .data          0x0000000000025528       0x18 ./src/coremark/core_main.o
                0x0000000000025528                mem_name
 .data          0x0000000000025540        0x0 ./src/coremark/core_matrix.o
 .data          0x0000000000025540        0x0 ./src/coremark/core_portme.o
 .data          0x0000000000025540        0x0 ./src/coremark/core_state.o
 .data          0x0000000000025540        0x0 ./src/coremark/core_util.o
 .data          0x0000000000025540        0x0 ./src/init.o
 .data          0x0000000000025540        0x0 ./src/start.o
 .data          0x0000000000025540        0x0 ./src/stdlib.o

.sdata          0x0000000000025540        0x8
 .sdata         0x0000000000025540        0x8 ./src/coremark/core_portme.o
                0x0000000000025540                default_num_contexts
                0x0000000000025544                seed3_volatile

.bss            0x0000000000025548     0x2cc0
 *(.bss)
 .bss           0x0000000000025548        0x0 ./src/riscv_isa_tests/setup.o
 .bss           0x0000000000025548        0x0 ./src/riscv_isa_tests/add.o
 .bss           0x0000000000025548        0x0 ./src/riscv_isa_tests/addw.o
 .bss           0x0000000000025548        0x0 ./src/riscv_isa_tests/addi.o
 .bss           0x0000000000025548        0x0 ./src/riscv_isa_tests/addiw.o
 .bss           0x0000000000025548        0x0 ./src/riscv_isa_tests/and.o
 .bss           0x0000000000025548        0x0 ./src/riscv_isa_tests/andi.o
 .bss           0x0000000000025548        0x0 ./src/riscv_isa_tests/auipc.o
 .bss           0x0000000000025548        0x0 ./src/riscv_isa_tests/beq.o
 .bss           0x0000000000025548        0x0 ./src/riscv_isa_tests/bge.o
 .bss           0x0000000000025548        0x0 ./src/riscv_isa_tests/bgeu.o
 .bss           0x0000000000025548        0x0 ./src/riscv_isa_tests/blt.o
 .bss           0x0000000000025548        0x0 ./src/riscv_isa_tests/bltu.o
 .bss           0x0000000000025548        0x0 ./src/riscv_isa_tests/bne.o
 .bss           0x0000000000025548        0x0 ./src/riscv_isa_tests/jal.o
 .bss           0x0000000000025548        0x0 ./src/riscv_isa_tests/jalr.o
 .bss           0x0000000000025548        0x0 ./src/riscv_isa_tests/lb.o
 .bss           0x0000000000025548        0x0 ./src/riscv_isa_tests/lbu.o
 .bss           0x0000000000025548        0x0 ./src/riscv_isa_tests/lh.o
 .bss           0x0000000000025548        0x0 ./src/riscv_isa_tests/lhu.o
 .bss           0x0000000000025548        0x0 ./src/riscv_isa_tests/lui.o
 .bss           0x0000000000025548        0x0 ./src/riscv_isa_tests/lw.o
 .bss           0x0000000000025548        0x0 ./src/riscv_isa_tests/lwu.o
 .bss           0x0000000000025548        0x0 ./src/riscv_isa_tests/ld.o
 .bss           0x0000000000025548        0x0 ./src/riscv_isa_tests/or.o
 .bss           0x0000000000025548        0x0 ./src/riscv_isa_tests/ori.o
 .bss           0x0000000000025548        0x0 ./src/riscv_isa_tests/sb.o
 .bss           0x0000000000025548        0x0 ./src/riscv_isa_tests/sh.o
 .bss           0x0000000000025548        0x0 ./src/riscv_isa_tests/sw.o
 .bss           0x0000000000025548        0x0 ./src/riscv_isa_tests/sd.o
 .bss           0x0000000000025548        0x0 ./src/riscv_isa_tests/sll.o
 .bss           0x0000000000025548        0x0 ./src/riscv_isa_tests/slli.o
 .bss           0x0000000000025548        0x0 ./src/riscv_isa_tests/slliw.o
 .bss           0x0000000000025548        0x0 ./src/riscv_isa_tests/sllw.o
 .bss           0x0000000000025548        0x0 ./src/riscv_isa_tests/slt.o
 .bss           0x0000000000025548        0x0 ./src/riscv_isa_tests/sltu.o
 .bss           0x0000000000025548        0x0 ./src/riscv_isa_tests/slti.o
 .bss           0x0000000000025548        0x0 ./src/riscv_isa_tests/sltiu.o
 .bss           0x0000000000025548        0x0 ./src/riscv_isa_tests/sra.o
 .bss           0x0000000000025548        0x0 ./src/riscv_isa_tests/sraw.o
 .bss           0x0000000000025548        0x0 ./src/riscv_isa_tests/srai.o
 .bss           0x0000000000025548        0x0 ./src/riscv_isa_tests/sraiw.o
 .bss           0x0000000000025548        0x0 ./src/riscv_isa_tests/srl.o
 .bss           0x0000000000025548        0x0 ./src/riscv_isa_tests/srlw.o
 .bss           0x0000000000025548        0x0 ./src/riscv_isa_tests/srli.o
 .bss           0x0000000000025548        0x0 ./src/riscv_isa_tests/srliw.o
 .bss           0x0000000000025548        0x0 ./src/riscv_isa_tests/sub.o
 .bss           0x0000000000025548        0x0 ./src/riscv_isa_tests/subw.o
 .bss           0x0000000000025548        0x0 ./src/riscv_isa_tests/xor.o
 .bss           0x0000000000025548        0x0 ./src/riscv_isa_tests/xori.o
 .bss           0x0000000000025548        0x0 ./src/riscv_isa_tests/div.o
 .bss           0x0000000000025548        0x0 ./src/riscv_isa_tests/divu.o
 .bss           0x0000000000025548        0x0 ./src/riscv_isa_tests/divw.o
 .bss           0x0000000000025548        0x0 ./src/riscv_isa_tests/divuw.o
 .bss           0x0000000000025548        0x0 ./src/riscv_isa_tests/mul.o
 .bss           0x0000000000025548        0x0 ./src/riscv_isa_tests/mulh.o
 .bss           0x0000000000025548        0x0 ./src/riscv_isa_tests/mulhsu.o
 .bss           0x0000000000025548        0x0 ./src/riscv_isa_tests/mulhu.o
 .bss           0x0000000000025548        0x0 ./src/riscv_isa_tests/mulw.o
 .bss           0x0000000000025548        0x0 ./src/riscv_isa_tests/rem.o
 .bss           0x0000000000025548        0x0 ./src/riscv_isa_tests/remu.o
 .bss           0x0000000000025548        0x0 ./src/riscv_isa_tests/remw.o
 .bss           0x0000000000025548        0x0 ./src/riscv_isa_tests/remuw.o
 .bss           0x0000000000025548        0x8 ./src/riscv_isa_tests/amoadd_d.o
 .bss           0x0000000000025550        0x8 ./src/riscv_isa_tests/amoadd_w.o
 .bss           0x0000000000025558        0x8 ./src/riscv_isa_tests/amoand_d.o
 .bss           0x0000000000025560        0x8 ./src/riscv_isa_tests/amoand_w.o
 .bss           0x0000000000025568        0x8 ./src/riscv_isa_tests/amomax_d.o
 .bss           0x0000000000025570        0x8 ./src/riscv_isa_tests/amomaxu_d.o
 .bss           0x0000000000025578        0x8 ./src/riscv_isa_tests/amomaxu_w.o
 .bss           0x0000000000025580        0x8 ./src/riscv_isa_tests/amomax_w.o
 .bss           0x0000000000025588        0x8 ./src/riscv_isa_tests/amomin_d.o
 .bss           0x0000000000025590        0x8 ./src/riscv_isa_tests/amominu_d.o
 .bss           0x0000000000025598        0x8 ./src/riscv_isa_tests/amominu_w.o
 .bss           0x00000000000255a0        0x8 ./src/riscv_isa_tests/amomin_w.o
 .bss           0x00000000000255a8        0x8 ./src/riscv_isa_tests/amoor_d.o
 .bss           0x00000000000255b0        0x8 ./src/riscv_isa_tests/amoor_w.o
 .bss           0x00000000000255b8        0x8 ./src/riscv_isa_tests/amoswap_d.o
 .bss           0x00000000000255c0        0x8 ./src/riscv_isa_tests/amoswap_w.o
 .bss           0x00000000000255c8        0x8 ./src/riscv_isa_tests/amoxor_d.o
 .bss           0x00000000000255d0        0x8 ./src/riscv_isa_tests/amoxor_w.o
 .bss           0x00000000000255d8        0x0 ./src/riscv_isa_tests/lrsc.o
 .bss           0x00000000000255d8        0x0 ./src/riscv_isa_tests/csr.o
 .bss           0x00000000000255d8        0x0 ./src/riscv_isa_tests/scall.o
 .bss           0x00000000000255d8        0x0 ./src/riscv_isa_tests/sbreak.o
 .bss           0x00000000000255d8        0x0 ./src/dhrystone/dhry_1.o
 .bss           0x00000000000255d8        0x0 ./src/dhrystone/dhry_2.o
 .bss           0x00000000000255d8        0x0 ./src/coremark/core_list_join.o
 .bss           0x00000000000255d8        0x0 ./src/coremark/core_main.o
 .bss           0x00000000000255d8        0x0 ./src/coremark/core_matrix.o
 .bss           0x00000000000255d8        0x0 ./src/coremark/core_portme.o
 .bss           0x00000000000255d8        0x0 ./src/coremark/core_state.o
 .bss           0x00000000000255d8        0x0 ./src/coremark/core_util.o
 .bss           0x00000000000255d8        0x0 ./src/init.o
 .bss           0x00000000000255d8        0x0 ./src/start.o
 .bss           0x00000000000255d8        0x0 ./src/stdlib.o
 COMMON         0x00000000000255d8     0x2830 ./src/dhrystone/dhry_1.o
                0x00000000000255d8                Microseconds
                0x00000000000255dc                Dhrystones_Per_Second
                0x00000000000255e0                User_Insn
                0x00000000000255e8                User_Time
                0x00000000000255f0                Begin_Time
                0x00000000000255f8                Arr_2_Glob
                0x0000000000027d08                End_Time
                0x0000000000027d10                Next_Ptr_Glob
                0x0000000000027d18                Int_Glob
                0x0000000000027d1c                Ch_1_Glob
                0x0000000000027d1d                Ch_2_Glob
                0x0000000000027d20                Ptr_Glob
                0x0000000000027d28                Begin_Insn
                0x0000000000027d30                Arr_1_Glob
                0x0000000000027df8                Bool_Glob
                0x0000000000027e00                End_Insn
 COMMON         0x0000000000027e08      0x400 ./src/stdlib.o
                0x0000000000027e08                heap_memory
OUTPUT(RISCV_Test_Benchmark.elf elf64-littleriscv)

.sbss           0x0000000000028208       0x2c
 .sbss          0x0000000000028208        0x4 ./src/dhrystone/dhry_1.o
                0x0000000000028208                Reg
 *fill*         0x000000000002820c        0x4 
 .sbss          0x0000000000028210       0x20 ./src/coremark/core_portme.o
                0x0000000000028220                seed5_volatile
                0x0000000000028224                seed4_volatile
                0x0000000000028228                seed2_volatile
                0x000000000002822c                seed1_volatile
 .sbss          0x0000000000028230        0x4 ./src/stdlib.o
                0x0000000000028230                heap_memory_used

.comment        0x0000000000000000       0x1a
 .comment       0x0000000000000000       0x1a ./src/dhrystone/dhry_1.o
                                         0x1b (size before relaxing)
 .comment       0x000000000000001a       0x1b ./src/dhrystone/dhry_2.o
 .comment       0x000000000000001a       0x1b ./src/coremark/core_list_join.o
 .comment       0x000000000000001a       0x1b ./src/coremark/core_main.o
 .comment       0x000000000000001a       0x1b ./src/coremark/core_matrix.o
 .comment       0x000000000000001a       0x1b ./src/coremark/core_portme.o
 .comment       0x000000000000001a       0x1b ./src/coremark/core_state.o
 .comment       0x000000000000001a       0x1b ./src/coremark/core_util.o
 .comment       0x000000000000001a       0x1b ./src/init.o
 .comment       0x000000000000001a       0x1b ./src/stdlib.o
