
Allocating common symbols
Common symbol       size              file

Microseconds        0x4               ./src/dhrystone/dhry_1.o
Dhrystones_Per_Second
                    0x4               ./src/dhrystone/dhry_1.o
User_Insn           0x8               ./src/dhrystone/dhry_1.o
User_Time           0x8               ./src/dhrystone/dhry_1.o
Begin_Time          0x8               ./src/dhrystone/dhry_1.o
Arr_2_Glob          0x2710            ./src/dhrystone/dhry_1.o
End_Time            0x8               ./src/dhrystone/dhry_1.o
Next_Ptr_Glob       0x8               ./src/dhrystone/dhry_1.o
Int_Glob            0x4               ./src/dhrystone/dhry_1.o
Ch_1_Glob           0x1               ./src/dhrystone/dhry_1.o
Ch_2_Glob           0x1               ./src/dhrystone/dhry_1.o
Ptr_Glob            0x8               ./src/dhrystone/dhry_1.o
Begin_Insn          0x8               ./src/dhrystone/dhry_1.o
Arr_1_Glob          0xc8              ./src/dhrystone/dhry_1.o
Bool_Glob           0x4               ./src/dhrystone/dhry_1.o
End_Insn            0x8               ./src/dhrystone/dhry_1.o
heap_memory         0x400             ./src/stdlib.o

Memory Configuration

Name             Origin             Length             Attributes
*default*        0x0000000000000000 0xffffffffffffffff

Linker script and memory map

LOAD ./src/riscv_isa_tests/add.o
LOAD ./src/riscv_isa_tests/addi.o
LOAD ./src/riscv_isa_tests/and.o
LOAD ./src/riscv_isa_tests/andi.o
LOAD ./src/riscv_isa_tests/auipc.o
LOAD ./src/riscv_isa_tests/beq.o
LOAD ./src/riscv_isa_tests/bge.o
LOAD ./src/riscv_isa_tests/bgeu.o
LOAD ./src/riscv_isa_tests/blt.o
LOAD ./src/riscv_isa_tests/bltu.o
LOAD ./src/riscv_isa_tests/bne.o
LOAD ./src/riscv_isa_tests/div.o
LOAD ./src/riscv_isa_tests/divu.o
LOAD ./src/riscv_isa_tests/j.o
LOAD ./src/riscv_isa_tests/jal.o
LOAD ./src/riscv_isa_tests/jalr.o
LOAD ./src/riscv_isa_tests/lb.o
LOAD ./src/riscv_isa_tests/lbu.o
LOAD ./src/riscv_isa_tests/lh.o
LOAD ./src/riscv_isa_tests/lhu.o
LOAD ./src/riscv_isa_tests/lui.o
LOAD ./src/riscv_isa_tests/lw.o
LOAD ./src/riscv_isa_tests/mul.o
LOAD ./src/riscv_isa_tests/mulh.o
LOAD ./src/riscv_isa_tests/mulhsu.o
LOAD ./src/riscv_isa_tests/mulhu.o
LOAD ./src/riscv_isa_tests/or.o
LOAD ./src/riscv_isa_tests/ori.o
LOAD ./src/riscv_isa_tests/rem.o
LOAD ./src/riscv_isa_tests/remu.o
LOAD ./src/riscv_isa_tests/sb.o
LOAD ./src/riscv_isa_tests/sh.o
LOAD ./src/riscv_isa_tests/sll.o
LOAD ./src/riscv_isa_tests/slli.o
LOAD ./src/riscv_isa_tests/slt.o
LOAD ./src/riscv_isa_tests/slti.o
LOAD ./src/riscv_isa_tests/sra.o
LOAD ./src/riscv_isa_tests/srai.o
LOAD ./src/riscv_isa_tests/srl.o
LOAD ./src/riscv_isa_tests/srli.o
LOAD ./src/riscv_isa_tests/sub.o
LOAD ./src/riscv_isa_tests/sw.o
LOAD ./src/riscv_isa_tests/xor.o
LOAD ./src/riscv_isa_tests/xori.o
LOAD ./src/dhrystone/dhry_1.o
LOAD ./src/dhrystone/dhry_2.o
LOAD ./src/coremark/core_list_join.o
LOAD ./src/coremark/core_main.o
LOAD ./src/coremark/core_matrix.o
LOAD ./src/coremark/core_portme.o
LOAD ./src/coremark/core_state.o
LOAD ./src/coremark/core_util.o
LOAD ./src/init.o
LOAD ./src/start.o
LOAD ./src/stdlib.o
LOAD /home/dean/Linux-ext/riscv-tools/build/lib/gcc/riscv64-unknown-elf/7.1.1/../../../../riscv64-unknown-elf/lib/libc.a
LOAD /home/dean/Linux-ext/riscv-tools/build/lib/gcc/riscv64-unknown-elf/7.1.1/libgcc.a
START GROUP
LOAD /home/dean/Linux-ext/riscv-tools/build/lib/gcc/riscv64-unknown-elf/7.1.1/../../../../riscv64-unknown-elf/lib/libc.a
LOAD /home/dean/Linux-ext/riscv-tools/build/lib/gcc/riscv64-unknown-elf/7.1.1/../../../../riscv64-unknown-elf/lib/libgloss.a
END GROUP
LOAD /home/dean/Linux-ext/riscv-tools/build/lib/gcc/riscv64-unknown-elf/7.1.1/libgcc.a
                0x0000000000000000                . = 0x0

.text           0x0000000000000000    0x1e5ac
 *(.text.boot)
 .text.boot     0x0000000000000000       0xb8 ./src/start.o
                0x0000000000000000                _start
                0x0000000000000084                isaTest
                0x0000000000000090                isaTestEnd
                0x0000000000000098                dhrystoneBenchmark
                0x00000000000000a8                coremarkBenchmark
                0x0000000000010000                . = 0x10000
 *fill*         0x00000000000000b8     0xff48 
 *(.text)
 .text          0x0000000000010000      0x5e0 ./src/riscv_isa_tests/add.o
                0x0000000000010008                add
 .text          0x00000000000105e0      0x358 ./src/riscv_isa_tests/addi.o
                0x00000000000105e8                addi
 .text          0x0000000000010938      0x5e4 ./src/riscv_isa_tests/and.o
                0x0000000000010940                and
 .text          0x0000000000010f1c      0x284 ./src/riscv_isa_tests/andi.o
                0x0000000000010f24                andi
 .text          0x00000000000111a0       0xd0 ./src/riscv_isa_tests/auipc.o
                0x00000000000111a8                auipc
 .text          0x0000000000011270      0x34c ./src/riscv_isa_tests/beq.o
                0x0000000000011278                beq
 .text          0x00000000000115bc      0x3ac ./src/riscv_isa_tests/bge.o
                0x00000000000115c4                bge
 .text          0x0000000000011968      0x484 ./src/riscv_isa_tests/bgeu.o
                0x0000000000011970                bgeu
 .text          0x0000000000011dec      0x34c ./src/riscv_isa_tests/blt.o
                0x0000000000011df4                blt
 .text          0x0000000000012138      0x414 ./src/riscv_isa_tests/bltu.o
                0x0000000000012140                bltu
 .text          0x000000000001254c      0x350 ./src/riscv_isa_tests/bne.o
                0x0000000000012554                bne
 .text          0x000000000001289c      0x168 ./src/riscv_isa_tests/div.o
                0x00000000000128a4                div
 .text          0x0000000000012a04      0x16c ./src/riscv_isa_tests/divu.o
                0x0000000000012a0c                divu
 .text          0x0000000000012b70       0xc4 ./src/riscv_isa_tests/j.o
                0x0000000000012b74                j
 .text          0x0000000000012c34       0xe4 ./src/riscv_isa_tests/jal.o
                0x0000000000012c3c                jal
 .text          0x0000000000012d18      0x18c ./src/riscv_isa_tests/jalr.o
                0x0000000000012d20                jalr
 .text          0x0000000000012ea4      0x30c ./src/riscv_isa_tests/lb.o
                0x0000000000012ea8                lb
 .text          0x00000000000131b0      0x2d8 ./src/riscv_isa_tests/lbu.o
                0x00000000000131b8                lbu
 .text          0x0000000000013488      0x33c ./src/riscv_isa_tests/lh.o
                0x000000000001348c                lh
 .text          0x00000000000137c4      0x30c ./src/riscv_isa_tests/lhu.o
                0x00000000000137cc                lhu
 .text          0x0000000000013ad0       0xfc ./src/riscv_isa_tests/lui.o
                0x0000000000013ad8                lui
 .text          0x0000000000013bcc      0x35c ./src/riscv_isa_tests/lw.o
                0x0000000000013bd0                lw
 .text          0x0000000000013f28      0x5c4 ./src/riscv_isa_tests/mul.o
                0x0000000000013f30                mul
 .text          0x00000000000144ec      0x5c0 ./src/riscv_isa_tests/mulh.o
                0x00000000000144f4                mulh
 .text          0x0000000000014aac      0x5d0 ./src/riscv_isa_tests/mulhsu.o
                0x0000000000014ab4                mulhsu
 .text          0x000000000001507c      0x5b8 ./src/riscv_isa_tests/mulhu.o
                0x0000000000015084                mulhu
 .text          0x0000000000015634      0x664 ./src/riscv_isa_tests/or.o
                0x0000000000015638                or
 .text          0x0000000000015c98      0x2c0 ./src/riscv_isa_tests/ori.o
                0x0000000000015ca0                ori
 .text          0x0000000000015f58      0x168 ./src/riscv_isa_tests/rem.o
                0x0000000000015f60                rem
 .text          0x00000000000160c0      0x168 ./src/riscv_isa_tests/remu.o
                0x00000000000160c8                remu
 .text          0x0000000000016228      0x524 ./src/riscv_isa_tests/sb.o
                0x000000000001622c                sb
 .text          0x000000000001674c      0x5b0 ./src/riscv_isa_tests/sh.o
                0x0000000000016750                sh
 .text          0x0000000000016cfc      0x698 ./src/riscv_isa_tests/sll.o
                0x0000000000016d04                sll
 .text          0x0000000000017394      0x374 ./src/riscv_isa_tests/slli.o
                0x000000000001739c                slli
 .text          0x0000000000017708      0x598 ./src/riscv_isa_tests/slt.o
                0x0000000000017710                slt
 .text          0x0000000000017ca0      0x31c ./src/riscv_isa_tests/slti.o
                0x0000000000017ca8                slti
 .text          0x0000000000017fbc      0x7d4 ./src/riscv_isa_tests/sra.o
                0x0000000000017fc4                sra
 .text          0x0000000000018790      0x404 ./src/riscv_isa_tests/srai.o
                0x0000000000018798                srai
 .text          0x0000000000018b94      0x758 ./src/riscv_isa_tests/srl.o
                0x0000000000018b9c                srl
 .text          0x00000000000192ec      0x3d8 ./src/riscv_isa_tests/srli.o
                0x00000000000192f4                srli
 .text          0x00000000000196c4      0x5bc ./src/riscv_isa_tests/sub.o
                0x00000000000196cc                sub
 .text          0x0000000000019c80      0x5ac ./src/riscv_isa_tests/sw.o
                0x0000000000019c84                sw
 .text          0x000000000001a22c      0x654 ./src/riscv_isa_tests/xor.o
                0x000000000001a234                xor
 .text          0x000000000001a880      0x2b8 ./src/riscv_isa_tests/xori.o
                0x000000000001a888                xori
 .text          0x000000000001ab38      0x8c0 ./src/dhrystone/dhry_1.o
                0x000000000001ab38                Proc_2
                0x000000000001ab68                Proc_3
                0x000000000001ab94                Proc_1
                0x000000000001acac                DHRYSTONE
                0x000000000001b3b0                Proc_4
                0x000000000001b3e0                Proc_5
 .text          0x000000000001b3f8      0x160 ./src/dhrystone/dhry_2.o
                0x000000000001b3f8                Proc_6
                0x000000000001b448                Proc_7
                0x000000000001b458                Proc_8
                0x000000000001b4c4                Func_1
                0x000000000001b4e8                Func_2
                0x000000000001b54c                Func_3
 .text          0x000000000001b558      0x8d8 ./src/coremark/core_list_join.o
                0x000000000001b558                cmp_idx
                0x000000000001b59c                calc_func
                0x000000000001b6ac                cmp_complex
                0x000000000001b6fc                copy_info
                0x000000000001b710                core_list_insert_new
                0x000000000001b770                core_list_remove
                0x000000000001b79c                core_list_undo_remove
                0x000000000001b7bc                core_list_find
                0x000000000001b82c                core_list_reverse
                0x000000000001b850                core_list_mergesort
                0x000000000001b998                core_bench_list
                0x000000000001bc4c                core_list_init
 .text          0x000000000001be30      0xb04 ./src/coremark/core_main.o
                0x000000000001be30                iterate
                0x000000000001beb8                COREMARK
 .text          0x000000000001c934      0xb50 ./src/coremark/core_matrix.o
                0x000000000001c934                printmat
                0x000000000001ca08                printmatC
                0x000000000001cadc                core_init_matrix
                0x000000000001cc44                matrix_sum
                0x000000000001cce4                matrix_mul_const
                0x000000000001cd34                matrix_add_const
                0x000000000001cd7c                matrix_mul_vect
                0x000000000001cde0                matrix_mul_matrix
                0x000000000001ce84                matrix_mul_matrix_bitextract
                0x000000000001cf3c                matrix_test
                0x000000000001d448                core_bench_matrix
 .text          0x000000000001d484       0xa4 ./src/coremark/core_portme.o
                0x000000000001d484                start_time
                0x000000000001d4a4                stop_time
                0x000000000001d4c4                get_time
                0x000000000001d4dc                time_in_secs
                0x000000000001d4ec                portable_init
                0x000000000001d520                portable_fini
 .text          0x000000000001d528      0x73c ./src/coremark/core_state.o
                0x000000000001d528                core_init_state
                0x000000000001d6dc                core_state_transition
                0x000000000001da20                core_bench_state
 .text          0x000000000001dc64      0x1b4 ./src/coremark/core_util.o
                0x000000000001dc64                get_seed_32
                0x000000000001dce0                crcu8
                0x000000000001dd20                crcu16
                0x000000000001dda0                crcu32
                0x000000000001dddc                crc16
                0x000000000001dde8                check_data_types
 .text          0x000000000001de18       0x40 ./src/init.o
                0x000000000001de18                risvISATestStartMsg
                0x000000000001de24                risvDhrystoneStartMsg
                0x000000000001de30                risvCoremarkStartMsg
                0x000000000001de3c                pgr_exit
                0x000000000001de54                init
 .text          0x000000000001de58        0x0 ./src/start.o
 .text          0x000000000001de58      0x754 ./src/stdlib.o
                0x000000000001de58                time
                0x000000000001de60                insn
                0x000000000001de68                enableIntr
                0x000000000001de70                enableExternalIntr
                0x000000000001de84                enableTimerIntr
                0x000000000001de94                disableIntr
                0x000000000001de9c                disableExternalIntr
                0x000000000001deac                disableTimerIntr
                0x000000000001deb8                readMtime
                0x000000000001dec4                readMtimeCmp
                0x000000000001ded0                writeMtimeCmp
                0x000000000001dedc                malloc
                0x000000000001df08                printf_c
                0x000000000001df34                printf_s
                0x000000000001df78                printf_d
                0x000000000001e01c                printf_h
                0x000000000001e074                printf
                0x000000000001e28c                scanf_c
                0x000000000001e2f4                scanf
                0x000000000001e384                memcpy
                0x000000000001e3a8                strcpy
                0x000000000001e47c                strcmp

.rodata         0x000000000001e5b0       0xe0
 *(.rodata)
 .rodata        0x000000000001e5b0       0x2a ./src/coremark/core_main.o
 *fill*         0x000000000001e5da        0x6 
 .rodata        0x000000000001e5e0       0x98 ./src/coremark/core_state.o
 .rodata        0x000000000001e678       0x18 ./src/coremark/core_util.o

.rodata.str1.8  0x000000000001e690      0xf40
 .rodata.str1.8
                0x000000000001e690      0x642 ./src/dhrystone/dhry_1.o
                                        0x64a (size before relaxing)
 *fill*         0x000000000001ecd2        0x6 
 .rodata.str1.8
                0x000000000001ecd8       0x74 ./src/coremark/core_list_join.o
                                         0x7a (size before relaxing)
 *fill*         0x000000000001ed4c        0x4 
 .rodata.str1.8
                0x000000000001ed50      0x48e ./src/coremark/core_main.o
                                        0x496 (size before relaxing)
 *fill*         0x000000000001f1de        0x2 
 .rodata.str1.8
                0x000000000001f1e0       0xad ./src/coremark/core_matrix.o
                                         0xb5 (size before relaxing)
 *fill*         0x000000000001f28d        0x3 
 .rodata.str1.8
                0x000000000001f290       0x41 ./src/coremark/core_portme.o
 *fill*         0x000000000001f2d1        0x7 
 .rodata.str1.8
                0x000000000001f2d8      0x12d ./src/coremark/core_state.o
                                        0x135 (size before relaxing)
 *fill*         0x000000000001f405        0x3 
 .rodata.str1.8
                0x000000000001f408       0x76 ./src/coremark/core_util.o
 *fill*         0x000000000001f47e        0x2 
 .rodata.str1.8
                0x000000000001f480      0x135 ./src/init.o
 *fill*         0x000000000001f5b5        0x3 
 .rodata.str1.8
                0x000000000001f5b8       0x18 ./src/stdlib.o
                                         0x19 (size before relaxing)

.rela.dyn       0x000000000001f5d0        0x0
 .rela.text     0x000000000001f5d0        0x0 ./src/riscv_isa_tests/add.o

.data           0x000000000001f5d0       0x88
 *(.data)
 .data          0x000000000001f5d0        0x0 ./src/riscv_isa_tests/add.o
 .data          0x000000000001f5d0        0x0 ./src/riscv_isa_tests/addi.o
 .data          0x000000000001f5d0        0x0 ./src/riscv_isa_tests/and.o
 .data          0x000000000001f5d0        0x0 ./src/riscv_isa_tests/andi.o
 .data          0x000000000001f5d0        0x0 ./src/riscv_isa_tests/auipc.o
 .data          0x000000000001f5d0        0x0 ./src/riscv_isa_tests/beq.o
 .data          0x000000000001f5d0        0x0 ./src/riscv_isa_tests/bge.o
 .data          0x000000000001f5d0        0x0 ./src/riscv_isa_tests/bgeu.o
 .data          0x000000000001f5d0        0x0 ./src/riscv_isa_tests/blt.o
 .data          0x000000000001f5d0        0x0 ./src/riscv_isa_tests/bltu.o
 .data          0x000000000001f5d0        0x0 ./src/riscv_isa_tests/bne.o
 .data          0x000000000001f5d0        0x0 ./src/riscv_isa_tests/div.o
 .data          0x000000000001f5d0        0x0 ./src/riscv_isa_tests/divu.o
 .data          0x000000000001f5d0        0x0 ./src/riscv_isa_tests/j.o
 .data          0x000000000001f5d0        0x0 ./src/riscv_isa_tests/jal.o
 .data          0x000000000001f5d0        0x0 ./src/riscv_isa_tests/jalr.o
 .data          0x000000000001f5d0        0x4 ./src/riscv_isa_tests/lb.o
 .data          0x000000000001f5d4        0x4 ./src/riscv_isa_tests/lbu.o
 .data          0x000000000001f5d8        0x8 ./src/riscv_isa_tests/lh.o
 .data          0x000000000001f5e0        0x8 ./src/riscv_isa_tests/lhu.o
 .data          0x000000000001f5e8        0x0 ./src/riscv_isa_tests/lui.o
 .data          0x000000000001f5e8       0x10 ./src/riscv_isa_tests/lw.o
 .data          0x000000000001f5f8        0x0 ./src/riscv_isa_tests/mul.o
 .data          0x000000000001f5f8        0x0 ./src/riscv_isa_tests/mulh.o
 .data          0x000000000001f5f8        0x0 ./src/riscv_isa_tests/mulhsu.o
 .data          0x000000000001f5f8        0x0 ./src/riscv_isa_tests/mulhu.o
 .data          0x000000000001f5f8        0x0 ./src/riscv_isa_tests/or.o
 .data          0x000000000001f5f8        0x0 ./src/riscv_isa_tests/ori.o
 .data          0x000000000001f5f8        0x0 ./src/riscv_isa_tests/rem.o
 .data          0x000000000001f5f8        0x0 ./src/riscv_isa_tests/remu.o
 .data          0x000000000001f5f8        0xa ./src/riscv_isa_tests/sb.o
 *fill*         0x000000000001f602        0x2 
 .data          0x000000000001f604       0x14 ./src/riscv_isa_tests/sh.o
 .data          0x000000000001f618        0x0 ./src/riscv_isa_tests/sll.o
 .data          0x000000000001f618        0x0 ./src/riscv_isa_tests/slli.o
 .data          0x000000000001f618        0x0 ./src/riscv_isa_tests/slt.o
 .data          0x000000000001f618        0x0 ./src/riscv_isa_tests/slti.o
 .data          0x000000000001f618        0x0 ./src/riscv_isa_tests/sra.o
 .data          0x000000000001f618        0x0 ./src/riscv_isa_tests/srai.o
 .data          0x000000000001f618        0x0 ./src/riscv_isa_tests/srl.o
 .data          0x000000000001f618        0x0 ./src/riscv_isa_tests/srli.o
 .data          0x000000000001f618        0x0 ./src/riscv_isa_tests/sub.o
 .data          0x000000000001f618       0x28 ./src/riscv_isa_tests/sw.o
 .data          0x000000000001f640        0x0 ./src/riscv_isa_tests/xor.o
 .data          0x000000000001f640        0x0 ./src/riscv_isa_tests/xori.o
 .data          0x000000000001f640        0x0 ./src/dhrystone/dhry_1.o
 .data          0x000000000001f640        0x0 ./src/dhrystone/dhry_2.o
 .data          0x000000000001f640        0x0 ./src/coremark/core_list_join.o
 .data          0x000000000001f640       0x18 ./src/coremark/core_main.o
                0x000000000001f640                mem_name
 .data          0x000000000001f658        0x0 ./src/coremark/core_matrix.o
 .data          0x000000000001f658        0x0 ./src/coremark/core_portme.o
 .data          0x000000000001f658        0x0 ./src/coremark/core_state.o
 .data          0x000000000001f658        0x0 ./src/coremark/core_util.o
 .data          0x000000000001f658        0x0 ./src/init.o
 .data          0x000000000001f658        0x0 ./src/start.o
 .data          0x000000000001f658        0x0 ./src/stdlib.o

.sdata          0x000000000001f658        0x8
 .sdata         0x000000000001f658        0x8 ./src/coremark/core_portme.o
                0x000000000001f658                default_num_contexts
                0x000000000001f65c                seed3_volatile

.bss            0x000000000001f660     0x2c30
 *(.bss)
 .bss           0x000000000001f660        0x0 ./src/riscv_isa_tests/add.o
 .bss           0x000000000001f660        0x0 ./src/riscv_isa_tests/addi.o
 .bss           0x000000000001f660        0x0 ./src/riscv_isa_tests/and.o
 .bss           0x000000000001f660        0x0 ./src/riscv_isa_tests/andi.o
 .bss           0x000000000001f660        0x0 ./src/riscv_isa_tests/auipc.o
 .bss           0x000000000001f660        0x0 ./src/riscv_isa_tests/beq.o
 .bss           0x000000000001f660        0x0 ./src/riscv_isa_tests/bge.o
 .bss           0x000000000001f660        0x0 ./src/riscv_isa_tests/bgeu.o
 .bss           0x000000000001f660        0x0 ./src/riscv_isa_tests/blt.o
 .bss           0x000000000001f660        0x0 ./src/riscv_isa_tests/bltu.o
 .bss           0x000000000001f660        0x0 ./src/riscv_isa_tests/bne.o
 .bss           0x000000000001f660        0x0 ./src/riscv_isa_tests/div.o
 .bss           0x000000000001f660        0x0 ./src/riscv_isa_tests/divu.o
 .bss           0x000000000001f660        0x0 ./src/riscv_isa_tests/j.o
 .bss           0x000000000001f660        0x0 ./src/riscv_isa_tests/jal.o
 .bss           0x000000000001f660        0x0 ./src/riscv_isa_tests/jalr.o
 .bss           0x000000000001f660        0x0 ./src/riscv_isa_tests/lb.o
 .bss           0x000000000001f660        0x0 ./src/riscv_isa_tests/lbu.o
 .bss           0x000000000001f660        0x0 ./src/riscv_isa_tests/lh.o
 .bss           0x000000000001f660        0x0 ./src/riscv_isa_tests/lhu.o
 .bss           0x000000000001f660        0x0 ./src/riscv_isa_tests/lui.o
 .bss           0x000000000001f660        0x0 ./src/riscv_isa_tests/lw.o
 .bss           0x000000000001f660        0x0 ./src/riscv_isa_tests/mul.o
 .bss           0x000000000001f660        0x0 ./src/riscv_isa_tests/mulh.o
 .bss           0x000000000001f660        0x0 ./src/riscv_isa_tests/mulhsu.o
 .bss           0x000000000001f660        0x0 ./src/riscv_isa_tests/mulhu.o
 .bss           0x000000000001f660        0x0 ./src/riscv_isa_tests/or.o
 .bss           0x000000000001f660        0x0 ./src/riscv_isa_tests/ori.o
 .bss           0x000000000001f660        0x0 ./src/riscv_isa_tests/rem.o
 .bss           0x000000000001f660        0x0 ./src/riscv_isa_tests/remu.o
 .bss           0x000000000001f660        0x0 ./src/riscv_isa_tests/sb.o
 .bss           0x000000000001f660        0x0 ./src/riscv_isa_tests/sh.o
 .bss           0x000000000001f660        0x0 ./src/riscv_isa_tests/sll.o
 .bss           0x000000000001f660        0x0 ./src/riscv_isa_tests/slli.o
 .bss           0x000000000001f660        0x0 ./src/riscv_isa_tests/slt.o
 .bss           0x000000000001f660        0x0 ./src/riscv_isa_tests/slti.o
 .bss           0x000000000001f660        0x0 ./src/riscv_isa_tests/sra.o
 .bss           0x000000000001f660        0x0 ./src/riscv_isa_tests/srai.o
 .bss           0x000000000001f660        0x0 ./src/riscv_isa_tests/srl.o
 .bss           0x000000000001f660        0x0 ./src/riscv_isa_tests/srli.o
 .bss           0x000000000001f660        0x0 ./src/riscv_isa_tests/sub.o
 .bss           0x000000000001f660        0x0 ./src/riscv_isa_tests/sw.o
 .bss           0x000000000001f660        0x0 ./src/riscv_isa_tests/xor.o
 .bss           0x000000000001f660        0x0 ./src/riscv_isa_tests/xori.o
 .bss           0x000000000001f660        0x0 ./src/dhrystone/dhry_1.o
 .bss           0x000000000001f660        0x0 ./src/dhrystone/dhry_2.o
 .bss           0x000000000001f660        0x0 ./src/coremark/core_list_join.o
 .bss           0x000000000001f660        0x0 ./src/coremark/core_main.o
 .bss           0x000000000001f660        0x0 ./src/coremark/core_matrix.o
 .bss           0x000000000001f660        0x0 ./src/coremark/core_portme.o
 .bss           0x000000000001f660        0x0 ./src/coremark/core_state.o
 .bss           0x000000000001f660        0x0 ./src/coremark/core_util.o
 .bss           0x000000000001f660        0x0 ./src/init.o
 .bss           0x000000000001f660        0x0 ./src/start.o
 .bss           0x000000000001f660        0x0 ./src/stdlib.o
 COMMON         0x000000000001f660     0x2830 ./src/dhrystone/dhry_1.o
                0x000000000001f660                Microseconds
                0x000000000001f664                Dhrystones_Per_Second
                0x000000000001f668                User_Insn
                0x000000000001f670                User_Time
                0x000000000001f678                Begin_Time
                0x000000000001f680                Arr_2_Glob
                0x0000000000021d90                End_Time
                0x0000000000021d98                Next_Ptr_Glob
                0x0000000000021da0                Int_Glob
                0x0000000000021da4                Ch_1_Glob
                0x0000000000021da5                Ch_2_Glob
                0x0000000000021da8                Ptr_Glob
                0x0000000000021db0                Begin_Insn
                0x0000000000021db8                Arr_1_Glob
                0x0000000000021e80                Bool_Glob
                0x0000000000021e88                End_Insn
 COMMON         0x0000000000021e90      0x400 ./src/stdlib.o
                0x0000000000021e90                heap_memory
OUTPUT(RISCV_Test_Benchmark.elf elf64-littleriscv)

.sbss           0x0000000000022290       0x2c
 .sbss          0x0000000000022290        0x4 ./src/dhrystone/dhry_1.o
                0x0000000000022290                Reg
 *fill*         0x0000000000022294        0x4 
 .sbss          0x0000000000022298       0x20 ./src/coremark/core_portme.o
                0x00000000000222a8                seed5_volatile
                0x00000000000222ac                seed4_volatile
                0x00000000000222b0                seed2_volatile
                0x00000000000222b4                seed1_volatile
 .sbss          0x00000000000222b8        0x4 ./src/stdlib.o
                0x00000000000222b8                heap_memory_used

.comment        0x0000000000000000       0x1a
 .comment       0x0000000000000000       0x1a ./src/dhrystone/dhry_1.o
                                         0x1b (size before relaxing)
 .comment       0x000000000000001a       0x1b ./src/dhrystone/dhry_2.o
 .comment       0x000000000000001a       0x1b ./src/coremark/core_list_join.o
 .comment       0x000000000000001a       0x1b ./src/coremark/core_main.o
 .comment       0x000000000000001a       0x1b ./src/coremark/core_matrix.o
 .comment       0x000000000000001a       0x1b ./src/coremark/core_portme.o
 .comment       0x000000000000001a       0x1b ./src/coremark/core_state.o
 .comment       0x000000000000001a       0x1b ./src/coremark/core_util.o
 .comment       0x000000000000001a       0x1b ./src/init.o
 .comment       0x000000000000001a       0x1b ./src/stdlib.o
